stm32g4xx_hal_msp.c:69:6:HAL_MspInit	16	static
stm32g4xx_hal_msp.c:99:6:HAL_ADC_MspInit	64	static
stm32g4xx_hal_msp.c:171:6:HAL_ADC_MspDeInit	8	static
stm32g4xx_hal_msp.c:252:6:HAL_CORDIC_MspInit	8	static
stm32g4xx_hal_msp.c:274:6:HAL_CORDIC_MspDeInit	0	static
stm32g4xx_hal_msp.c:296:6:HAL_DAC_MspInit	40	static
stm32g4xx_hal_msp.c:330:6:HAL_DAC_MspDeInit	0	static
stm32g4xx_hal_msp.c:359:6:HAL_I2C_MspInit	48	static
stm32g4xx_hal_msp.c:395:6:HAL_I2C_MspDeInit	8	static
stm32g4xx_hal_msp.c:426:6:HAL_OPAMP_MspInit	56	static
stm32g4xx_hal_msp.c:493:6:HAL_OPAMP_MspDeInit	8	static
stm32g4xx_hal_msp.c:543:6:HAL_TIM_Base_MspInit	8	static
stm32g4xx_hal_msp.c:559:6:HAL_TIM_MspPostInit	48	static
stm32g4xx_hal_msp.c:597:6:HAL_TIM_Base_MspDeInit	8	static
stm32g4xx_hal_msp.c:623:6:HAL_UART_MspInit	48	static
stm32g4xx_hal_msp.c:694:6:HAL_UART_MspDeInit	8	static
