stm32g4xx_hal_msp.c:69:6:HAL_MspInit	16	static
stm32g4xx_hal_msp.c:99:6:HAL_ADC_MspInit	64	static
stm32g4xx_hal_msp.c:168:6:HAL_ADC_MspDeInit	8	static
stm32g4xx_hal_msp.c:242:6:HAL_CORDIC_MspInit	8	static
stm32g4xx_hal_msp.c:264:6:HAL_CORDIC_MspDeInit	0	static
stm32g4xx_hal_msp.c:286:6:HAL_I2C_MspInit	48	static
stm32g4xx_hal_msp.c:322:6:HAL_I2C_MspDeInit	8	static
stm32g4xx_hal_msp.c:353:6:HAL_OPAMP_MspInit	56	static
stm32g4xx_hal_msp.c:420:6:HAL_OPAMP_MspDeInit	8	static
stm32g4xx_hal_msp.c:470:6:HAL_TIM_Base_MspInit	8	static
stm32g4xx_hal_msp.c:486:6:HAL_TIM_MspPostInit	48	static
stm32g4xx_hal_msp.c:524:6:HAL_TIM_Base_MspDeInit	8	static
stm32g4xx_hal_msp.c:550:6:HAL_UART_MspInit	48	static
stm32g4xx_hal_msp.c:621:6:HAL_UART_MspDeInit	8	static
