mc_tasks.c:529:13:FOC_Clear	24	static
mc_tasks.c:107:13:MCboot	72	static
mc_tasks.c:565:13:FOC_InitAdditionalMethods	0	static
mc_tasks.c:582:13:FOC_CalcCurrRef	8	static
mc_tasks.c:605:13:TSK_SetChargeBootCapDelayM1	0	static
mc_tasks.c:616:13:TSK_ChargeBootCapDelayHasElapsedM1	0	static
mc_tasks.c:632:13:TSK_SetStopPermanencyTimeM1	0	static
mc_tasks.c:643:13:TSK_StopPermanencyTimeHasElapsedM1	0	static
mc_tasks.c:310:13:TSK_MediumFrequencyTaskM1	24	static
mc_tasks.c:249:13:MC_Scheduler	16	static
mc_tasks.c:669:16:TSK_HighFrequencyTask	64	static
mc_tasks.c:817:13:TSK_SafetyTask_PWMOFF	24	static
mc_tasks.c:795:13:TSK_SafetyTask	8	static
mc_tasks.c:231:13:MC_RunMotorControlTasks	8	static
mc_tasks.c:876:23:GetMCI	0	static
mc_tasks.c:892:13:TSK_HardwareFaultTask	8	static
mc_tasks.c:904:13:UI_HandleStartStopButton_cb	8	static
mc_tasks.c:922:13:mc_lock_pins	64	static
