stm32g4xx_hal_msp.c:69:6:HAL_MspInit	16	static
stm32g4xx_hal_msp.c:99:6:HAL_ADC_MspInit	64	static
stm32g4xx_hal_msp.c:166:6:HAL_ADC_MspDeInit	8	static
stm32g4xx_hal_msp.c:238:6:HAL_CORDIC_MspInit	8	static
stm32g4xx_hal_msp.c:260:6:HAL_CORDIC_MspDeInit	0	static
stm32g4xx_hal_msp.c:282:6:HAL_DAC_MspInit	40	static
stm32g4xx_hal_msp.c:316:6:HAL_DAC_MspDeInit	0	static
stm32g4xx_hal_msp.c:345:6:HAL_I2C_MspInit	48	static
stm32g4xx_hal_msp.c:381:6:HAL_I2C_MspDeInit	8	static
stm32g4xx_hal_msp.c:412:6:HAL_OPAMP_MspInit	56	static
stm32g4xx_hal_msp.c:479:6:HAL_OPAMP_MspDeInit	8	static
stm32g4xx_hal_msp.c:529:6:HAL_TIM_Base_MspInit	8	static
stm32g4xx_hal_msp.c:545:6:HAL_TIM_MspPostInit	48	static
stm32g4xx_hal_msp.c:583:6:HAL_TIM_Base_MspDeInit	8	static
stm32g4xx_hal_msp.c:609:6:HAL_UART_MspInit	48	static
stm32g4xx_hal_msp.c:680:6:HAL_UART_MspDeInit	8	static
