Archive member included to satisfy reference by file (symbol)

../../MCSDK_v5.Y.3/MotorControl/lib\libmc-gcc_M4_NoCCMRAM.lib(revup_ctrl.o)
                              ./Application/User/mc_tasks.o (RUC_Init)
../../MCSDK_v5.Y.3/MotorControl/lib\libmc-gcc_M4_NoCCMRAM.lib(sto_pll_speed_pos_fdbk.o)
                              ./Application/User/mc_tasks.o (STO_PLL_CalcElAngle)
c:/st/stm32cubeide_1.8.0/stm32cubeide/plugins/com.st.stm32cube.ide.mcu.externaltools.gnu-tools-for-stm32.9-2020-q2-update.win32_2.0.0.202105311346/tools/bin/../lib/gcc/arm-none-eabi/9.3.1/../../../../arm-none-eabi/lib/thumb/v7e-m+fp/hard\libc_nano.a(lib_a-errno.o)
                              ./Application/User/syscalls.o (__errno)
c:/st/stm32cubeide_1.8.0/stm32cubeide/plugins/com.st.stm32cube.ide.mcu.externaltools.gnu-tools-for-stm32.9-2020-q2-update.win32_2.0.0.202105311346/tools/bin/../lib/gcc/arm-none-eabi/9.3.1/../../../../arm-none-eabi/lib/thumb/v7e-m+fp/hard\libc_nano.a(lib_a-exit.o)
                              c:/st/stm32cubeide_1.8.0/stm32cubeide/plugins/com.st.stm32cube.ide.mcu.externaltools.gnu-tools-for-stm32.9-2020-q2-update.win32_2.0.0.202105311346/tools/bin/../lib/gcc/arm-none-eabi/9.3.1/../../../../arm-none-eabi/lib/thumb/v7e-m+fp/hard/crt0.o (exit)
c:/st/stm32cubeide_1.8.0/stm32cubeide/plugins/com.st.stm32cube.ide.mcu.externaltools.gnu-tools-for-stm32.9-2020-q2-update.win32_2.0.0.202105311346/tools/bin/../lib/gcc/arm-none-eabi/9.3.1/../../../../arm-none-eabi/lib/thumb/v7e-m+fp/hard\libc_nano.a(lib_a-impure.o)
                              c:/st/stm32cubeide_1.8.0/stm32cubeide/plugins/com.st.stm32cube.ide.mcu.externaltools.gnu-tools-for-stm32.9-2020-q2-update.win32_2.0.0.202105311346/tools/bin/../lib/gcc/arm-none-eabi/9.3.1/../../../../arm-none-eabi/lib/thumb/v7e-m+fp/hard\libc_nano.a(lib_a-exit.o) (_global_impure_ptr)
c:/st/stm32cubeide_1.8.0/stm32cubeide/plugins/com.st.stm32cube.ide.mcu.externaltools.gnu-tools-for-stm32.9-2020-q2-update.win32_2.0.0.202105311346/tools/bin/../lib/gcc/arm-none-eabi/9.3.1/../../../../arm-none-eabi/lib/thumb/v7e-m+fp/hard\libc_nano.a(lib_a-init.o)
                              c:/st/stm32cubeide_1.8.0/stm32cubeide/plugins/com.st.stm32cube.ide.mcu.externaltools.gnu-tools-for-stm32.9-2020-q2-update.win32_2.0.0.202105311346/tools/bin/../lib/gcc/arm-none-eabi/9.3.1/../../../../arm-none-eabi/lib/thumb/v7e-m+fp/hard/crt0.o (__libc_init_array)
c:/st/stm32cubeide_1.8.0/stm32cubeide/plugins/com.st.stm32cube.ide.mcu.externaltools.gnu-tools-for-stm32.9-2020-q2-update.win32_2.0.0.202105311346/tools/bin/../lib/gcc/arm-none-eabi/9.3.1/../../../../arm-none-eabi/lib/thumb/v7e-m+fp/hard\libc_nano.a(lib_a-memcpy-stub.o)
                              ./Middlewares/MotorControl/mcpa.o (memcpy)
c:/st/stm32cubeide_1.8.0/stm32cubeide/plugins/com.st.stm32cube.ide.mcu.externaltools.gnu-tools-for-stm32.9-2020-q2-update.win32_2.0.0.202105311346/tools/bin/../lib/gcc/arm-none-eabi/9.3.1/../../../../arm-none-eabi/lib/thumb/v7e-m+fp/hard\libc_nano.a(lib_a-memset.o)
                              c:/st/stm32cubeide_1.8.0/stm32cubeide/plugins/com.st.stm32cube.ide.mcu.externaltools.gnu-tools-for-stm32.9-2020-q2-update.win32_2.0.0.202105311346/tools/bin/../lib/gcc/arm-none-eabi/9.3.1/../../../../arm-none-eabi/lib/thumb/v7e-m+fp/hard/crt0.o (memset)
c:/st/stm32cubeide_1.8.0/stm32cubeide/plugins/com.st.stm32cube.ide.mcu.externaltools.gnu-tools-for-stm32.9-2020-q2-update.win32_2.0.0.202105311346/tools/bin/../lib/gcc/arm-none-eabi/9.3.1/thumb/v7e-m+fp/hard\libgcc.a(_aeabi_ldivmod.o)
                              ./Drivers/STM32G4xx_HAL_Driver/stm32g4xx_hal_uart.o (__aeabi_ldivmod)
c:/st/stm32cubeide_1.8.0/stm32cubeide/plugins/com.st.stm32cube.ide.mcu.externaltools.gnu-tools-for-stm32.9-2020-q2-update.win32_2.0.0.202105311346/tools/bin/../lib/gcc/arm-none-eabi/9.3.1/thumb/v7e-m+fp/hard\libgcc.a(_aeabi_uldivmod.o)
                              ./Drivers/STM32G4xx_HAL_Driver/stm32g4xx_hal_uart.o (__aeabi_uldivmod)
c:/st/stm32cubeide_1.8.0/stm32cubeide/plugins/com.st.stm32cube.ide.mcu.externaltools.gnu-tools-for-stm32.9-2020-q2-update.win32_2.0.0.202105311346/tools/bin/../lib/gcc/arm-none-eabi/9.3.1/thumb/v7e-m+fp/hard\libgcc.a(_udivmoddi4.o)
                              c:/st/stm32cubeide_1.8.0/stm32cubeide/plugins/com.st.stm32cube.ide.mcu.externaltools.gnu-tools-for-stm32.9-2020-q2-update.win32_2.0.0.202105311346/tools/bin/../lib/gcc/arm-none-eabi/9.3.1/thumb/v7e-m+fp/hard\libgcc.a(_aeabi_ldivmod.o) (__udivmoddi4)
c:/st/stm32cubeide_1.8.0/stm32cubeide/plugins/com.st.stm32cube.ide.mcu.externaltools.gnu-tools-for-stm32.9-2020-q2-update.win32_2.0.0.202105311346/tools/bin/../lib/gcc/arm-none-eabi/9.3.1/thumb/v7e-m+fp/hard\libgcc.a(_dvmd_tls.o)
                              c:/st/stm32cubeide_1.8.0/stm32cubeide/plugins/com.st.stm32cube.ide.mcu.externaltools.gnu-tools-for-stm32.9-2020-q2-update.win32_2.0.0.202105311346/tools/bin/../lib/gcc/arm-none-eabi/9.3.1/thumb/v7e-m+fp/hard\libgcc.a(_aeabi_ldivmod.o) (__aeabi_ldiv0)

[...]
Memory Configuration

Name             Origin             Length             Attributes
RAM              0x0000000020000000 0x0000000000008000 xrw
FLASH            0x0000000008000000 0x0000000000020000 xr
*default*        0x0000000000000000 0xffffffffffffffff

Linker script and memory map

LOAD c:/st/stm32cubeide_1.8.0/stm32cubeide/plugins/com.st.stm32cube.ide.mcu.externaltools.gnu-tools-for-stm32.9-2020-q2-update.win32_2.0.0.202105311346/tools/bin/../lib/gcc/arm-none-eabi/9.3.1/thumb/v7e-m+fp/hard/crti.o
LOAD c:/st/stm32cubeide_1.8.0/stm32cubeide/plugins/com.st.stm32cube.ide.mcu.externaltools.gnu-tools-for-stm32.9-2020-q2-update.win32_2.0.0.202105311346/tools/bin/../lib/gcc/arm-none-eabi/9.3.1/thumb/v7e-m+fp/hard/crtbegin.o
LOAD c:/st/stm32cubeide_1.8.0/stm32cubeide/plugins/com.st.stm32cube.ide.mcu.externaltools.gnu-tools-for-stm32.9-2020-q2-update.win32_2.0.0.202105311346/tools/bin/../lib/gcc/arm-none-eabi/9.3.1/../../../../arm-none-eabi/lib/thumb/v7e-m+fp/hard/crt0.o
LOAD ./Application/Startup/startup_stm32g431vbtx.o
LOAD ./Application/User/aspep.o
LOAD ./Application/User/dac_ui.o
LOAD ./Application/User/main.o
LOAD ./Application/User/mc_api.o
LOAD ./Application/User/mc_config.o
LOAD ./Application/User/mc_configuration_registers.o
LOAD ./Application/User/mc_interface.o
LOAD ./Application/User/mc_math.o
LOAD ./Application/User/mc_parameters.o
LOAD ./Application/User/mc_tasks.o
LOAD ./Application/User/mcp_config.o
LOAD ./Application/User/motorcontrol.o
LOAD ./Application/User/pwm_curr_fdbk.o
LOAD ./Application/User/register_interface.o
LOAD ./Application/User/regular_conversion_manager.o
LOAD ./Application/User/stm32g4xx_hal_msp.o
LOAD ./Application/User/stm32g4xx_it.o
LOAD ./Application/User/stm32g4xx_mc_it.o
LOAD ./Application/User/syscalls.o
LOAD ./Application/User/sysmem.o
LOAD ./Application/User/usart_aspep_driver.o
LOAD ./Drivers/CMSIS/system_stm32g4xx.o
LOAD ./Drivers/STM32G4xx_HAL_Driver/stm32g4xx_hal.o
LOAD ./Drivers/STM32G4xx_HAL_Driver/stm32g4xx_hal_adc.o
LOAD ./Drivers/STM32G4xx_HAL_Driver/stm32g4xx_hal_adc_ex.o
LOAD ./Drivers/STM32G4xx_HAL_Driver/stm32g4xx_hal_cordic.o
LOAD ./Drivers/STM32G4xx_HAL_Driver/stm32g4xx_hal_cortex.o
LOAD ./Drivers/STM32G4xx_HAL_Driver/stm32g4xx_hal_dma.o
LOAD ./Drivers/STM32G4xx_HAL_Driver/stm32g4xx_hal_dma_ex.o
LOAD ./Drivers/STM32G4xx_HAL_Driver/stm32g4xx_hal_exti.o
LOAD ./Drivers/STM32G4xx_HAL_Driver/stm32g4xx_hal_flash.o
LOAD ./Drivers/STM32G4xx_HAL_Driver/stm32g4xx_hal_flash_ex.o
LOAD ./Drivers/STM32G4xx_HAL_Driver/stm32g4xx_hal_flash_ramfunc.o
LOAD ./Drivers/STM32G4xx_HAL_Driver/stm32g4xx_hal_gpio.o
LOAD ./Drivers/STM32G4xx_HAL_Driver/stm32g4xx_hal_i2c.o
LOAD ./Drivers/STM32G4xx_HAL_Driver/stm32g4xx_hal_i2c_ex.o
LOAD ./Drivers/STM32G4xx_HAL_Driver/stm32g4xx_hal_opamp.o
LOAD ./Drivers/STM32G4xx_HAL_Driver/stm32g4xx_hal_opamp_ex.o
LOAD ./Drivers/STM32G4xx_HAL_Driver/stm32g4xx_hal_pwr.o
LOAD ./Drivers/STM32G4xx_HAL_Driver/stm32g4xx_hal_pwr_ex.o
LOAD ./Drivers/STM32G4xx_HAL_Driver/stm32g4xx_hal_rcc.o
LOAD ./Drivers/STM32G4xx_HAL_Driver/stm32g4xx_hal_rcc_ex.o
LOAD ./Drivers/STM32G4xx_HAL_Driver/stm32g4xx_hal_tim.o
LOAD ./Drivers/STM32G4xx_HAL_Driver/stm32g4xx_hal_tim_ex.o
LOAD ./Drivers/STM32G4xx_HAL_Driver/stm32g4xx_hal_uart.o
LOAD ./Drivers/STM32G4xx_HAL_Driver/stm32g4xx_hal_uart_ex.o
LOAD ./Drivers/STM32G4xx_HAL_Driver/stm32g4xx_ll_adc.o
LOAD ./Middlewares/MotorControl/bus_voltage_sensor.o
LOAD ./Middlewares/MotorControl/circle_limitation.o
LOAD ./Middlewares/MotorControl/digital_output.o
LOAD ./Middlewares/MotorControl/mcp.o
LOAD ./Middlewares/MotorControl/mcpa.o
LOAD ./Middlewares/MotorControl/motor_power_measurement.o
LOAD ./Middlewares/MotorControl/ntc_temperature_sensor.o
LOAD ./Middlewares/MotorControl/open_loop.o
LOAD ./Middlewares/MotorControl/pid_regulator.o
LOAD ./Middlewares/MotorControl/pqd_motor_power_measurement.o
LOAD ./Middlewares/MotorControl/pwm_common.o
LOAD ./Middlewares/MotorControl/r3_2_g4xx_pwm_curr_fdbk.o
LOAD ./Middlewares/MotorControl/r_divider_bus_voltage_sensor.o
LOAD ./Middlewares/MotorControl/ramp_ext_mngr.o
LOAD ./Middlewares/MotorControl/speed_pos_fdbk.o
LOAD ./Middlewares/MotorControl/speed_torq_ctrl.o
LOAD ./Middlewares/MotorControl/state_machine.o
LOAD ./Middlewares/MotorControl/stspin32g4.o
LOAD ./Middlewares/MotorControl/virtual_speed_sensor.o
LOAD ../../MCSDK_v5.Y.3/MotorControl/lib\libmc-gcc_M4_NoCCMRAM.lib
START GROUP
LOAD c:/st/stm32cubeide_1.8.0/stm32cubeide/plugins/com.st.stm32cube.ide.mcu.externaltools.gnu-tools-for-stm32.9-2020-q2-update.win32_2.0.0.202105311346/tools/bin/../lib/gcc/arm-none-eabi/9.3.1/../../../../arm-none-eabi/lib/thumb/v7e-m+fp/hard\libc_nano.a
LOAD c:/st/stm32cubeide_1.8.0/stm32cubeide/plugins/com.st.stm32cube.ide.mcu.externaltools.gnu-tools-for-stm32.9-2020-q2-update.win32_2.0.0.202105311346/tools/bin/../lib/gcc/arm-none-eabi/9.3.1/../../../../arm-none-eabi/lib/thumb/v7e-m+fp/hard\libm.a
END GROUP
START GROUP
LOAD c:/st/stm32cubeide_1.8.0/stm32cubeide/plugins/com.st.stm32cube.ide.mcu.externaltools.gnu-tools-for-stm32.9-2020-q2-update.win32_2.0.0.202105311346/tools/bin/../lib/gcc/arm-none-eabi/9.3.1/thumb/v7e-m+fp/hard\libgcc.a
LOAD c:/st/stm32cubeide_1.8.0/stm32cubeide/plugins/com.st.stm32cube.ide.mcu.externaltools.gnu-tools-for-stm32.9-2020-q2-update.win32_2.0.0.202105311346/tools/bin/../lib/gcc/arm-none-eabi/9.3.1/../../../../arm-none-eabi/lib/thumb/v7e-m+fp/hard\libc_nano.a
END GROUP
START GROUP
LOAD c:/st/stm32cubeide_1.8.0/stm32cubeide/plugins/com.st.stm32cube.ide.mcu.externaltools.gnu-tools-for-stm32.9-2020-q2-update.win32_2.0.0.202105311346/tools/bin/../lib/gcc/arm-none-eabi/9.3.1/thumb/v7e-m+fp/hard\libgcc.a
LOAD c:/st/stm32cubeide_1.8.0/stm32cubeide/plugins/com.st.stm32cube.ide.mcu.externaltools.gnu-tools-for-stm32.9-2020-q2-update.win32_2.0.0.202105311346/tools/bin/../lib/gcc/arm-none-eabi/9.3.1/../../../../arm-none-eabi/lib/thumb/v7e-m+fp/hard\libc_nano.a
LOAD c:/st/stm32cubeide_1.8.0/stm32cubeide/plugins/com.st.stm32cube.ide.mcu.externaltools.gnu-tools-for-stm32.9-2020-q2-update.win32_2.0.0.202105311346/tools/bin/../lib/gcc/arm-none-eabi/9.3.1/../../../../arm-none-eabi/lib/thumb/v7e-m+fp/hard\libnosys.a
END GROUP
START GROUP
LOAD c:/st/stm32cubeide_1.8.0/stm32cubeide/plugins/com.st.stm32cube.ide.mcu.externaltools.gnu-tools-for-stm32.9-2020-q2-update.win32_2.0.0.202105311346/tools/bin/../lib/gcc/arm-none-eabi/9.3.1/thumb/v7e-m+fp/hard\libgcc.a
LOAD c:/st/stm32cubeide_1.8.0/stm32cubeide/plugins/com.st.stm32cube.ide.mcu.externaltools.gnu-tools-for-stm32.9-2020-q2-update.win32_2.0.0.202105311346/tools/bin/../lib/gcc/arm-none-eabi/9.3.1/../../../../arm-none-eabi/lib/thumb/v7e-m+fp/hard\libc_nano.a
LOAD c:/st/stm32cubeide_1.8.0/stm32cubeide/plugins/com.st.stm32cube.ide.mcu.externaltools.gnu-tools-for-stm32.9-2020-q2-update.win32_2.0.0.202105311346/tools/bin/../lib/gcc/arm-none-eabi/9.3.1/../../../../arm-none-eabi/lib/thumb/v7e-m+fp/hard\libnosys.a
END GROUP
LOAD c:/st/stm32cubeide_1.8.0/stm32cubeide/plugins/com.st.stm32cube.ide.mcu.externaltools.gnu-tools-for-stm32.9-2020-q2-update.win32_2.0.0.202105311346/tools/bin/../lib/gcc/arm-none-eabi/9.3.1/thumb/v7e-m+fp/hard/crtend.o
LOAD c:/st/stm32cubeide_1.8.0/stm32cubeide/plugins/com.st.stm32cube.ide.mcu.externaltools.gnu-tools-for-stm32.9-2020-q2-update.win32_2.0.0.202105311346/tools/bin/../lib/gcc/arm-none-eabi/9.3.1/thumb/v7e-m+fp/hard/crtn.o
                0x0000000020008000                _estack = (ORIGIN (RAM) + LENGTH (RAM))
                0x0000000000000200                _Min_Heap_Size = 0x200
                0x0000000000000400                _Min_Stack_Size = 0x400

.isr_vector     0x0000000008000000      0x1d8
                0x0000000008000000                . = ALIGN (0x4)
 *(.isr_vector)
 .isr_vector    0x0000000008000000      0x1d8 ./Application/Startup/startup_stm32g431vbtx.o
                0x0000000008000000                g_pfnVectors
                0x00000000080001d8                . = ALIGN (0x4)

.text           0x00000000080001d8     0x9ddc
                0x00000000080001d8                . = ALIGN (0x4)
 *(.text)
 .text          0x00000000080001d8       0x40 c:/st/stm32cubeide_1.8.0/stm32cubeide/plugins/com.st.stm32cube.ide.mcu.externaltools.gnu-tools-for-stm32.9-2020-q2-update.win32_2.0.0.202105311346/tools/bin/../lib/gcc/arm-none-eabi/9.3.1/thumb/v7e-m+fp/hard/crtbegin.o
 .text          0x0000000008000218       0x30 c:/st/stm32cubeide_1.8.0/stm32cubeide/plugins/com.st.stm32cube.ide.mcu.externaltools.gnu-tools-for-stm32.9-2020-q2-update.win32_2.0.0.202105311346/tools/bin/../lib/gcc/arm-none-eabi/9.3.1/thumb/v7e-m+fp/hard\libgcc.a(_aeabi_uldivmod.o)
                0x0000000008000218                __aeabi_uldivmod
 .text          0x0000000008000248      0x2c4 c:/st/stm32cubeide_1.8.0/stm32cubeide/plugins/com.st.stm32cube.ide.mcu.externaltools.gnu-tools-for-stm32.9-2020-q2-update.win32_2.0.0.202105311346/tools/bin/../lib/gcc/arm-none-eabi/9.3.1/thumb/v7e-m+fp/hard\libgcc.a(_udivmoddi4.o)
                0x0000000008000248                __udivmoddi4
 .text          0x000000000800050c        0x4 c:/st/stm32cubeide_1.8.0/stm32cubeide/plugins/com.st.stm32cube.ide.mcu.externaltools.gnu-tools-for-stm32.9-2020-q2-update.win32_2.0.0.202105311346/tools/bin/../lib/gcc/arm-none-eabi/9.3.1/thumb/v7e-m+fp/hard\libgcc.a(_dvmd_tls.o)
                0x000000000800050c                __aeabi_idiv0
                0x000000000800050c                __aeabi_ldiv0
 *(.text*)
 .text.Reset_Handler
                0x0000000008000510       0x50 ./Application/Startup/startup_stm32g431vbtx.o
                0x0000000008000510                Reset_Handler
 .text.Default_Handler
                0x0000000008000560        0x2 ./Application/Startup/startup_stm32g431vbtx.o
                0x0000000008000560                RTC_Alarm_IRQHandler
                0x0000000008000560                EXTI2_IRQHandler
                0x0000000008000560                TIM8_TRG_COM_IRQHandler
                0x0000000008000560                TIM8_CC_IRQHandler
                0x0000000008000560                DebugMon_Handler
                0x0000000008000560                TIM1_CC_IRQHandler
                0x0000000008000560                USB_HP_IRQHandler
                0x0000000008000560                CORDIC_IRQHandler
                0x0000000008000560                PendSV_Handler
                0x0000000008000560                NMI_Handler
                0x0000000008000560                EXTI3_IRQHandler
                0x0000000008000560                I2C3_ER_IRQHandler
                0x0000000008000560                EXTI0_IRQHandler
                0x0000000008000560                I2C2_EV_IRQHandler
                0x0000000008000560                FPU_IRQHandler
                0x0000000008000560                FDCAN1_IT1_IRQHandler
                0x0000000008000560                UsageFault_Handler
                0x0000000008000560                SPI1_IRQHandler
                0x0000000008000560                TIM6_DAC_IRQHandler
                0x0000000008000560                TIM8_UP_IRQHandler
                0x0000000008000560                DMA2_Channel2_IRQHandler
                0x0000000008000560                DMA1_Channel4_IRQHandler
                0x0000000008000560                USART3_IRQHandler
                0x0000000008000560                TIM4_IRQHandler
                0x0000000008000560                DMA2_Channel1_IRQHandler
                0x0000000008000560                I2C1_EV_IRQHandler
                0x0000000008000560                DMA1_Channel6_IRQHandler
                0x0000000008000560                UART4_IRQHandler
                0x0000000008000560                DMA2_Channel4_IRQHandler
                0x0000000008000560                TIM3_IRQHandler
                0x0000000008000560                RCC_IRQHandler
                0x0000000008000560                DMA1_Channel1_IRQHandler
                0x0000000008000560                Default_Handler
                0x0000000008000560                RTC_TAMP_LSECSS_IRQHandler
                0x0000000008000560                FMAC_IRQHandler
                0x0000000008000560                TIM7_IRQHandler
                0x0000000008000560                UCPD1_IRQHandler
                0x0000000008000560                I2C3_EV_IRQHandler
                0x0000000008000560                EXTI9_5_IRQHandler
                0x0000000008000560                RTC_WKUP_IRQHandler
                0x0000000008000560                PVD_PVM_IRQHandler
                0x0000000008000560                SPI2_IRQHandler
                0x0000000008000560                MemManage_Handler
                0x0000000008000560                SVC_Handler
                0x0000000008000560                DMA2_Channel5_IRQHandler
                0x0000000008000560                CRS_IRQHandler
                0x0000000008000560                DMA1_Channel5_IRQHandler
                0x0000000008000560                USB_LP_IRQHandler
                0x0000000008000560                EXTI4_IRQHandler
                0x0000000008000560                RNG_IRQHandler
                0x0000000008000560                TIM1_TRG_COM_TIM17_IRQHandler
                0x0000000008000560                DMA1_Channel3_IRQHandler
                0x0000000008000560                WWDG_IRQHandler
                0x0000000008000560                LPUART1_IRQHandler
                0x0000000008000560                DMA2_Channel6_IRQHandler
                0x0000000008000560                FDCAN1_IT0_IRQHandler
                0x0000000008000560                TIM2_IRQHandler
                0x0000000008000560                COMP1_2_3_IRQHandler
                0x0000000008000560                EXTI1_IRQHandler
                0x0000000008000560                USART2_IRQHandler
                0x0000000008000560                I2C2_ER_IRQHandler
                0x0000000008000560                TIM8_BRK_IRQHandler
                0x0000000008000560                FLASH_IRQHandler
                0x0000000008000560                BusFault_Handler
                0x0000000008000560                SPI3_IRQHandler
                0x0000000008000560                I2C1_ER_IRQHandler
                0x0000000008000560                LPTIM1_IRQHandler
                0x0000000008000560                DMAMUX_OVR_IRQHandler
                0x0000000008000560                USBWakeUp_IRQHandler
                0x0000000008000560                SAI1_IRQHandler
                0x0000000008000560                DMA2_Channel3_IRQHandler
                0x0000000008000560                COMP4_IRQHandler
 *fill*         0x0000000008000562        0x2 
 .text.ASPEP_start
                0x0000000008000564       0x24 ./Application/User/aspep.o
                0x0000000008000564                ASPEP_start
 .text.ASPEP_sendBeacon
                0x0000000008000588       0x84 ./Application/User/aspep.o
                0x0000000008000588                ASPEP_sendBeacon
 .text.ASPEP_sendPing
                0x000000000800060c       0x8c ./Application/User/aspep.o
                0x000000000800060c                ASPEP_sendPing
 .text.ASPEP_getBuffer
                0x0000000008000698       0x6c ./Application/User/aspep.o
                0x0000000008000698                ASPEP_getBuffer
 .text.ASPEP_sendPacket
                0x0000000008000704      0x11c ./Application/User/aspep.o
                0x0000000008000704                ASPEP_sendPacket
 .text.ASPEP_HWDataTransmittedIT
                0x0000000008000820       0xa0 ./Application/User/aspep.o
                0x0000000008000820                ASPEP_HWDataTransmittedIT
 .text.ASPEP_RXframeProcess
                0x00000000080008c0      0x2ac ./Application/User/aspep.o
                0x00000000080008c0                ASPEP_RXframeProcess
 .text.ASPEP_HWDataReceivedIT
                0x0000000008000b6c       0xa0 ./Application/User/aspep.o
                0x0000000008000b6c                ASPEP_HWDataReceivedIT
 .text.ASPEP_HWDMAReset
                0x0000000008000c0c       0x14 ./Application/User/aspep.o
                0x0000000008000c0c                ASPEP_HWDMAReset
 .text.DAC_Init
                0x0000000008000c20       0x30 ./Application/User/dac_ui.o
                0x0000000008000c20                DAC_Init
 .text.DAC_Exec
                0x0000000008000c50       0x50 ./Application/User/dac_ui.o
                0x0000000008000c50                DAC_Exec
 .text.DAC_SetChannelConfig
                0x0000000008000ca0       0x10 ./Application/User/dac_ui.o
                0x0000000008000ca0                DAC_SetChannelConfig
 .text.DAC_GetChannelConfig
                0x0000000008000cb0        0x8 ./Application/User/dac_ui.o
                0x0000000008000cb0                DAC_GetChannelConfig
 .text.SystemClock_Config
                0x0000000008000cb8       0xa4 ./Application/User/main.o
                0x0000000008000cb8                SystemClock_Config
 *fill*         0x0000000008000d5c        0x4 
 .text.startup.main
                0x0000000008000d60      0x594 ./Application/User/main.o
                0x0000000008000d60                main
 .text.Error_Handler
                0x00000000080012f4        0x4 ./Application/User/main.o
                0x00000000080012f4                Error_Handler
 .text.MC_StartMotor1
                0x00000000080012f8        0xc ./Application/User/mc_api.o
                0x00000000080012f8                MC_StartMotor1
 .text.MC_StopMotor1
                0x0000000008001304        0xc ./Application/User/mc_api.o
                0x0000000008001304                MC_StopMotor1
 .text.MC_GetSTMStateMotor1
                0x0000000008001310        0xc ./Application/User/mc_api.o
                0x0000000008001310                MC_GetSTMStateMotor1
 .text.MCI_Init
                0x000000000800131c       0x1c ./Application/User/mc_interface.o
                0x000000000800131c                MCI_Init
 .text.MCI_ExecSpeedRamp
                0x0000000008001338       0x18 ./Application/User/mc_interface.o
                0x0000000008001338                MCI_ExecSpeedRamp
 .text.MCI_ExecTorqueRamp
                0x0000000008001350       0x14 ./Application/User/mc_interface.o
                0x0000000008001350                MCI_ExecTorqueRamp
 .text.MCI_SetCurrentReferences
                0x0000000008001364       0x14 ./Application/User/mc_interface.o
                0x0000000008001364                MCI_SetCurrentReferences
 .text.MCI_StartMotor
                0x0000000008001378       0x14 ./Application/User/mc_interface.o
                0x0000000008001378                MCI_StartMotor
 .text.MCI_StopMotor
                0x000000000800138c        0x8 ./Application/User/mc_interface.o
                0x000000000800138c                MCI_StopMotor
 .text.MCI_FaultAcknowledged
                0x0000000008001394        0x8 ./Application/User/mc_interface.o
                0x0000000008001394                MCI_FaultAcknowledged
 .text.MCI_EncoderAlign
                0x000000000800139c        0x8 ./Application/User/mc_interface.o
                0x000000000800139c                MCI_EncoderAlign
 .text.MCI_ExecBufferedCommands
                0x00000000080013a4       0x78 ./Application/User/mc_interface.o
                0x00000000080013a4                MCI_ExecBufferedCommands
 .text.MCI_GetSTMState
                0x000000000800141c        0x8 ./Application/User/mc_interface.o
                0x000000000800141c                MCI_GetSTMState
 .text.MCI_GetControlMode
                0x0000000008001424        0x4 ./Application/User/mc_interface.o
                0x0000000008001424                MCI_GetControlMode
 .text.MCI_GetImposedMotorDirection
                0x0000000008001428       0x44 ./Application/User/mc_interface.o
                0x0000000008001428                MCI_GetImposedMotorDirection
 .text.MCI_GetLastRampFinalSpeed
                0x000000000800146c        0x8 ./Application/User/mc_interface.o
                0x000000000800146c                MCI_GetLastRampFinalSpeed
 .text.MCI_GetLastRampFinalTorque
                0x0000000008001474        0x8 ./Application/User/mc_interface.o
                0x0000000008001474                MCI_GetLastRampFinalTorque
 .text.MCI_GetLastRampFinalDuration
                0x000000000800147c        0x4 ./Application/User/mc_interface.o
                0x000000000800147c                MCI_GetLastRampFinalDuration
 .text.MCI_StopRamp
                0x0000000008001480        0x8 ./Application/User/mc_interface.o
                0x0000000008001480                MCI_StopRamp
 .text.MCI_GetAvrgMecSpeedUnit
                0x0000000008001488       0x10 ./Application/User/mc_interface.o
                0x0000000008001488                MCI_GetAvrgMecSpeedUnit
 .text.MCI_GetMecSpeedRefUnit
                0x0000000008001498        0x8 ./Application/User/mc_interface.o
                0x0000000008001498                MCI_GetMecSpeedRefUnit
 .text.MCI_GetIab
                0x00000000080014a0       0x1c ./Application/User/mc_interface.o
                0x00000000080014a0                MCI_GetIab
 .text.MCI_GetIalphabeta
                0x00000000080014bc       0x1c ./Application/User/mc_interface.o
                0x00000000080014bc                MCI_GetIalphabeta
 .text.MCI_GetIqd
                0x00000000080014d8       0x1c ./Application/User/mc_interface.o
                0x00000000080014d8                MCI_GetIqd
 .text.MCI_GetIqdref
                0x00000000080014f4       0x1c ./Application/User/mc_interface.o
                0x00000000080014f4                MCI_GetIqdref
 .text.MCI_GetVqd
                0x0000000008001510       0x1c ./Application/User/mc_interface.o
                0x0000000008001510                MCI_GetVqd
 .text.MCI_GetValphabeta
                0x000000000800152c       0x1c ./Application/User/mc_interface.o
                0x000000000800152c                MCI_GetValphabeta
 .text.MCI_GetTeref
                0x0000000008001548        0x8 ./Application/User/mc_interface.o
                0x0000000008001548                MCI_GetTeref
 .text.MCI_Clear_Iqdref
                0x0000000008001550       0x14 ./Application/User/mc_interface.o
                0x0000000008001550                MCI_Clear_Iqdref
 .text.MCM_Clarke
                0x0000000008001564       0x54 ./Application/User/mc_math.o
                0x0000000008001564                MCM_Clarke
 .text.MCM_Trig_Functions
                0x00000000080015b8       0x2c ./Application/User/mc_math.o
                0x00000000080015b8                MCM_Trig_Functions
 .text.MCM_Park
                0x00000000080015e4       0x84 ./Application/User/mc_math.o
                0x00000000080015e4                MCM_Park
 .text.MCM_Rev_Park
                0x0000000008001668       0x40 ./Application/User/mc_math.o
                0x0000000008001668                MCM_Rev_Park
 .text.MCM_Sqrt
                0x00000000080016a8       0x20 ./Application/User/mc_math.o
                0x00000000080016a8                MCM_Sqrt
 .text.FOC_Clear
                0x00000000080016c8       0x88 ./Application/User/mc_tasks.o
                0x00000000080016c8                FOC_Clear
 .text.MCboot   0x0000000008001750      0x194 ./Application/User/mc_tasks.o
                0x0000000008001750                MCboot
 .text.FOC_InitAdditionalMethods
                0x00000000080018e4        0x4 ./Application/User/mc_tasks.o
                0x00000000080018e4                FOC_InitAdditionalMethods
 .text.FOC_CalcCurrRef
                0x00000000080018e8       0x2c ./Application/User/mc_tasks.o
                0x00000000080018e8                FOC_CalcCurrRef
 .text.TSK_SetChargeBootCapDelayM1
                0x0000000008001914        0xc ./Application/User/mc_tasks.o
                0x0000000008001914                TSK_SetChargeBootCapDelayM1
 .text.TSK_ChargeBootCapDelayHasElapsedM1
                0x0000000008001920       0x14 ./Application/User/mc_tasks.o
                0x0000000008001920                TSK_ChargeBootCapDelayHasElapsedM1
 .text.TSK_SetStopPermanencyTimeM1
                0x0000000008001934        0xc ./Application/User/mc_tasks.o
                0x0000000008001934                TSK_SetStopPermanencyTimeM1
 .text.TSK_StopPermanencyTimeHasElapsedM1
                0x0000000008001940       0x14 ./Application/User/mc_tasks.o
                0x0000000008001940                TSK_StopPermanencyTimeHasElapsedM1
 .text.TSK_MediumFrequencyTaskM1
                0x0000000008001954      0x288 ./Application/User/mc_tasks.o
                0x0000000008001954                TSK_MediumFrequencyTaskM1
 .text.MC_Scheduler
                0x0000000008001bdc       0x90 ./Application/User/mc_tasks.o
                0x0000000008001bdc                MC_Scheduler
 .text.TSK_HighFrequencyTask
                0x0000000008001c6c      0x1b4 ./Application/User/mc_tasks.o
                0x0000000008001c6c                TSK_HighFrequencyTask
 .text.TSK_SafetyTask_PWMOFF
                0x0000000008001e20       0xb4 ./Application/User/mc_tasks.o
                0x0000000008001e20                TSK_SafetyTask_PWMOFF
 .text.TSK_SafetyTask
                0x0000000008001ed4       0x20 ./Application/User/mc_tasks.o
                0x0000000008001ed4                TSK_SafetyTask
 .text.MC_RunMotorControlTasks
                0x0000000008001ef4       0x18 ./Application/User/mc_tasks.o
                0x0000000008001ef4                MC_RunMotorControlTasks
 .text.TSK_HardwareFaultTask
                0x0000000008001f0c       0x20 ./Application/User/mc_tasks.o
                0x0000000008001f0c                TSK_HardwareFaultTask
 .text.UI_HandleStartStopButton_cb
                0x0000000008001f2c       0x18 ./Application/User/mc_tasks.o
                0x0000000008001f2c                UI_HandleStartStopButton_cb
 .text.mc_lock_pins
                0x0000000008001f44      0x130 ./Application/User/mc_tasks.o
                0x0000000008001f44                mc_lock_pins
 .text.MX_MotorControl_Init
                0x0000000008002074       0x28 ./Application/User/motorcontrol.o
                0x0000000008002074                MX_MotorControl_Init
 .text.PWMC_GetPhaseCurrents
                0x000000000800209c        0x4 ./Application/User/pwm_curr_fdbk.o
                0x000000000800209c                PWMC_GetPhaseCurrents
 .text.PWMC_SetPhaseVoltage
                0x00000000080020a0      0x268 ./Application/User/pwm_curr_fdbk.o
                0x00000000080020a0                PWMC_SetPhaseVoltage
 .text.PWMC_SwitchOffPWM
                0x0000000008002308        0x4 ./Application/User/pwm_curr_fdbk.o
                0x0000000008002308                PWMC_SwitchOffPWM
 .text.PWMC_CurrentReadingCalibr
                0x000000000800230c       0x54 ./Application/User/pwm_curr_fdbk.o
                0x000000000800230c                PWMC_CurrentReadingCalibr
 .text.PWMC_CheckOverCurrent
                0x0000000008002360        0x4 ./Application/User/pwm_curr_fdbk.o
                0x0000000008002360                PWMC_CheckOverCurrent
 .text.RI_SetRegCommandParser
                0x0000000008002364      0x774 ./Application/User/register_interface.o
                0x0000000008002364                RI_SetRegCommandParser
 .text.RI_GetRegCommandParser
                0x0000000008002ad8      0x8e8 ./Application/User/register_interface.o
                0x0000000008002ad8                RI_GetRegCommandParser
 .text.RI_GetIDSize
                0x00000000080033c0       0x18 ./Application/User/register_interface.o
                0x00000000080033c0                RI_GetIDSize
 .text.RI_GetPtrReg
                0x00000000080033d8      0x1c8 ./Application/User/register_interface.o
                0x00000000080033d8                RI_GetPtrReg
 .text.RCM_RegisterRegConv
                0x00000000080035a0      0x1a8 ./Application/User/regular_conversion_manager.o
                0x00000000080035a0                RCM_RegisterRegConv
 .text.RCM_ExecRegularConv
                0x0000000008003748      0x184 ./Application/User/regular_conversion_manager.o
                0x0000000008003748                RCM_ExecRegularConv
 .text.RCM_ExecUserConv
                0x00000000080038cc       0x60 ./Application/User/regular_conversion_manager.o
                0x00000000080038cc                RCM_ExecUserConv
 .text.RCM_ExecNextConv
                0x000000000800392c       0x94 ./Application/User/regular_conversion_manager.o
                0x000000000800392c                RCM_ExecNextConv
 .text.RCM_ReadOngoingConv
                0x00000000080039c0       0x4c ./Application/User/regular_conversion_manager.o
                0x00000000080039c0                RCM_ReadOngoingConv
 .text.HAL_MspInit
                0x0000000008003a0c       0x40 ./Application/User/stm32g4xx_hal_msp.o
                0x0000000008003a0c                HAL_MspInit
 .text.HAL_ADC_MspInit
                0x0000000008003a4c       0xf8 ./Application/User/stm32g4xx_hal_msp.o
                0x0000000008003a4c                HAL_ADC_MspInit
 .text.HAL_CORDIC_MspInit
                0x0000000008003b44       0x30 ./Application/User/stm32g4xx_hal_msp.o
                0x0000000008003b44                HAL_CORDIC_MspInit
 .text.HAL_I2C_MspInit
                0x0000000008003b74       0x70 ./Application/User/stm32g4xx_hal_msp.o
                0x0000000008003b74                HAL_I2C_MspInit
 .text.HAL_OPAMP_MspInit
                0x0000000008003be4       0xd8 ./Application/User/stm32g4xx_hal_msp.o
                0x0000000008003be4                HAL_OPAMP_MspInit
 .text.HAL_TIM_Base_MspInit
                0x0000000008003cbc       0x2c ./Application/User/stm32g4xx_hal_msp.o
                0x0000000008003cbc                HAL_TIM_Base_MspInit
 .text.HAL_TIM_MspPostInit
                0x0000000008003ce8       0x60 ./Application/User/stm32g4xx_hal_msp.o
                0x0000000008003ce8                HAL_TIM_MspPostInit
 .text.HAL_UART_MspInit
                0x0000000008003d48       0xdc ./Application/User/stm32g4xx_hal_msp.o
                0x0000000008003d48                HAL_UART_MspInit
 .text.ADC1_2_IRQHandler
                0x0000000008003e24        0xc ./Application/User/stm32g4xx_mc_it.o
                0x0000000008003e24                ADC1_2_IRQHandler
 .text.TIM1_UP_TIM16_IRQHandler
                0x0000000008003e30       0x18 ./Application/User/stm32g4xx_mc_it.o
                0x0000000008003e30                TIM1_UP_TIM16_IRQHandler
 .text.TIM1_BRK_TIM15_IRQHandler
                0x0000000008003e48       0x3c ./Application/User/stm32g4xx_mc_it.o
                0x0000000008003e48                TIM1_BRK_TIM15_IRQHandler
 .text.DMA1_Channel2_IRQHandler
                0x0000000008003e84       0x1c ./Application/User/stm32g4xx_mc_it.o
                0x0000000008003e84                DMA1_Channel2_IRQHandler
 .text.USART1_IRQHandler
                0x0000000008003ea0       0xa4 ./Application/User/stm32g4xx_mc_it.o
                0x0000000008003ea0                USART1_IRQHandler
 .text.HardFault_Handler
                0x0000000008003f44        0x8 ./Application/User/stm32g4xx_mc_it.o
                0x0000000008003f44                HardFault_Handler
 .text.SysTick_Handler
                0x0000000008003f4c       0x30 ./Application/User/stm32g4xx_mc_it.o
                0x0000000008003f4c                SysTick_Handler
 .text.EXTI15_10_IRQHandler
                0x0000000008003f7c       0x18 ./Application/User/stm32g4xx_mc_it.o
                0x0000000008003f7c                EXTI15_10_IRQHandler
 .text.UASPEP_INIT
                0x0000000008003f94       0x5c ./Application/User/usart_aspep_driver.o
                0x0000000008003f94                UASPEP_INIT
 .text.UASPEP_SEND_PACKET
                0x0000000008003ff0       0x38 ./Application/User/usart_aspep_driver.o
                0x0000000008003ff0                UASPEP_SEND_PACKET
 .text.UASPEP_RECEIVE_BUFFER
                0x0000000008004028       0x30 ./Application/User/usart_aspep_driver.o
                0x0000000008004028                UASPEP_RECEIVE_BUFFER
 .text.UASPEP_IDLE_ENABLE
                0x0000000008004058       0x10 ./Application/User/usart_aspep_driver.o
                0x0000000008004058                UASPEP_IDLE_ENABLE
 .text.SystemInit
                0x0000000008004068       0x14 ./Drivers/CMSIS/system_stm32g4xx.o
                0x0000000008004068                SystemInit
 .text.HAL_InitTick
                0x000000000800407c       0x4c ./Drivers/STM32G4xx_HAL_Driver/stm32g4xx_hal.o
                0x000000000800407c                HAL_InitTick
 .text.HAL_Init
                0x00000000080040c8       0x20 ./Drivers/STM32G4xx_HAL_Driver/stm32g4xx_hal.o
                0x00000000080040c8                HAL_Init
 .text.HAL_IncTick
                0x00000000080040e8       0x18 ./Drivers/STM32G4xx_HAL_Driver/stm32g4xx_hal.o
                0x00000000080040e8                HAL_IncTick
 .text.HAL_GetTick
                0x0000000008004100        0xc ./Drivers/STM32G4xx_HAL_Driver/stm32g4xx_hal.o
                0x0000000008004100                HAL_GetTick
 .text.HAL_ADC_Init
                0x000000000800410c      0x20c ./Drivers/STM32G4xx_HAL_Driver/stm32g4xx_hal_adc.o
                0x000000000800410c                HAL_ADC_Init
 .text.HAL_ADC_ConfigChannel
                0x0000000008004318      0x4d4 ./Drivers/STM32G4xx_HAL_Driver/stm32g4xx_hal_adc.o
                0x0000000008004318                HAL_ADC_ConfigChannel
 .text.HAL_ADCEx_InjectedConfigChannel
                0x00000000080047ec      0x608 ./Drivers/STM32G4xx_HAL_Driver/stm32g4xx_hal_adc_ex.o
                0x00000000080047ec                HAL_ADCEx_InjectedConfigChannel
 .text.HAL_ADCEx_MultiModeConfigChannel
                0x0000000008004df4       0xcc ./Drivers/STM32G4xx_HAL_Driver/stm32g4xx_hal_adc_ex.o
                0x0000000008004df4                HAL_ADCEx_MultiModeConfigChannel
 .text.HAL_CORDIC_Init
                0x0000000008004ec0       0x34 ./Drivers/STM32G4xx_HAL_Driver/stm32g4xx_hal_cordic.o
                0x0000000008004ec0                HAL_CORDIC_Init
 .text.HAL_NVIC_SetPriorityGrouping
                0x0000000008004ef4       0x28 ./Drivers/STM32G4xx_HAL_Driver/stm32g4xx_hal_cortex.o
                0x0000000008004ef4                HAL_NVIC_SetPriorityGrouping
 .text.HAL_NVIC_SetPriority
                0x0000000008004f1c       0x70 ./Drivers/STM32G4xx_HAL_Driver/stm32g4xx_hal_cortex.o
                0x0000000008004f1c                HAL_NVIC_SetPriority
 .text.HAL_NVIC_EnableIRQ
                0x0000000008004f8c       0x1c ./Drivers/STM32G4xx_HAL_Driver/stm32g4xx_hal_cortex.o
                0x0000000008004f8c                HAL_NVIC_EnableIRQ
 .text.HAL_SYSTICK_Config
                0x0000000008004fa8       0x34 ./Drivers/STM32G4xx_HAL_Driver/stm32g4xx_hal_cortex.o
                0x0000000008004fa8                HAL_SYSTICK_Config
 .text.HAL_SYSTICK_Callback
                0x0000000008004fdc        0x4 ./Drivers/STM32G4xx_HAL_Driver/stm32g4xx_hal_cortex.o
                0x0000000008004fdc                HAL_SYSTICK_Callback
 .text.HAL_SYSTICK_IRQHandler
                0x0000000008004fe0        0x8 ./Drivers/STM32G4xx_HAL_Driver/stm32g4xx_hal_cortex.o
                0x0000000008004fe0                HAL_SYSTICK_IRQHandler
 .text.HAL_DMA_Init
                0x0000000008004fe8      0x130 ./Drivers/STM32G4xx_HAL_Driver/stm32g4xx_hal_dma.o
                0x0000000008004fe8                HAL_DMA_Init
 .text.HAL_GPIO_Init
                0x0000000008005118      0x1e8 ./Drivers/STM32G4xx_HAL_Driver/stm32g4xx_hal_gpio.o
                0x0000000008005118                HAL_GPIO_Init
 .text.HAL_GPIO_WritePin
                0x0000000008005300        0xc ./Drivers/STM32G4xx_HAL_Driver/stm32g4xx_hal_gpio.o
                0x0000000008005300                HAL_GPIO_WritePin
 .text.I2C_WaitOnTXISFlagUntilTimeout
                0x000000000800530c       0xa8 ./Drivers/STM32G4xx_HAL_Driver/stm32g4xx_hal_i2c.o
 .text.I2C_WaitOnSTOPFlagUntilTimeout
                0x00000000080053b4       0xac ./Drivers/STM32G4xx_HAL_Driver/stm32g4xx_hal_i2c.o
 .text.HAL_I2C_Init
                0x0000000008005460       0xa8 ./Drivers/STM32G4xx_HAL_Driver/stm32g4xx_hal_i2c.o
                0x0000000008005460                HAL_I2C_Init
 .text.HAL_I2C_Mem_Write
                0x0000000008005508      0x25c ./Drivers/STM32G4xx_HAL_Driver/stm32g4xx_hal_i2c.o
                0x0000000008005508                HAL_I2C_Mem_Write
 .text.HAL_I2C_Mem_Read
                0x0000000008005764      0x264 ./Drivers/STM32G4xx_HAL_Driver/stm32g4xx_hal_i2c.o
                0x0000000008005764                HAL_I2C_Mem_Read
 .text.HAL_I2CEx_ConfigAnalogFilter
                0x00000000080059c8       0x58 ./Drivers/STM32G4xx_HAL_Driver/stm32g4xx_hal_i2c_ex.o
                0x00000000080059c8                HAL_I2CEx_ConfigAnalogFilter
 .text.HAL_I2CEx_ConfigDigitalFilter
                0x0000000008005a20       0x54 ./Drivers/STM32G4xx_HAL_Driver/stm32g4xx_hal_i2c_ex.o
                0x0000000008005a20                HAL_I2CEx_ConfigDigitalFilter
 .text.HAL_OPAMP_Init
                0x0000000008005a74      0x10c ./Drivers/STM32G4xx_HAL_Driver/stm32g4xx_hal_opamp.o
                0x0000000008005a74                HAL_OPAMP_Init
 .text.HAL_PWREx_ControlVoltageScaling
                0x0000000008005b80       0xfc ./Drivers/STM32G4xx_HAL_Driver/stm32g4xx_hal_pwr_ex.o
                0x0000000008005b80                HAL_PWREx_ControlVoltageScaling
 .text.HAL_PWREx_DisableUCPDDeadBattery
                0x0000000008005c7c       0x10 ./Drivers/STM32G4xx_HAL_Driver/stm32g4xx_hal_pwr_ex.o
                0x0000000008005c7c                HAL_PWREx_DisableUCPDDeadBattery
 .text.HAL_RCC_OscConfig
                0x0000000008005c8c      0x498 ./Drivers/STM32G4xx_HAL_Driver/stm32g4xx_hal_rcc.o
                0x0000000008005c8c                HAL_RCC_OscConfig
 .text.HAL_RCC_GetSysClockFreq
                0x0000000008006124       0x70 ./Drivers/STM32G4xx_HAL_Driver/stm32g4xx_hal_rcc.o
                0x0000000008006124                HAL_RCC_GetSysClockFreq
 .text.HAL_RCC_ClockConfig
                0x0000000008006194      0x224 ./Drivers/STM32G4xx_HAL_Driver/stm32g4xx_hal_rcc.o
                0x0000000008006194                HAL_RCC_ClockConfig
 .text.HAL_RCC_GetHCLKFreq
                0x00000000080063b8        0xc ./Drivers/STM32G4xx_HAL_Driver/stm32g4xx_hal_rcc.o
                0x00000000080063b8                HAL_RCC_GetHCLKFreq
 .text.HAL_RCC_GetPCLK1Freq
                0x00000000080063c4       0x24 ./Drivers/STM32G4xx_HAL_Driver/stm32g4xx_hal_rcc.o
                0x00000000080063c4                HAL_RCC_GetPCLK1Freq
 .text.HAL_RCC_GetPCLK2Freq
                0x00000000080063e8       0x24 ./Drivers/STM32G4xx_HAL_Driver/stm32g4xx_hal_rcc.o
                0x00000000080063e8                HAL_RCC_GetPCLK2Freq
 .text.HAL_RCC_EnableCSS
                0x000000000800640c       0x10 ./Drivers/STM32G4xx_HAL_Driver/stm32g4xx_hal_rcc.o
                0x000000000800640c                HAL_RCC_EnableCSS
 .text.HAL_RCCEx_PeriphCLKConfig
                0x000000000800641c      0x298 ./Drivers/STM32G4xx_HAL_Driver/stm32g4xx_hal_rcc_ex.o
                0x000000000800641c                HAL_RCCEx_PeriphCLKConfig
 .text.TIM_OC1_SetConfig
                0x00000000080066b4       0x7c ./Drivers/STM32G4xx_HAL_Driver/stm32g4xx_hal_tim.o
 .text.TIM_OC3_SetConfig
                0x0000000008006730       0x80 ./Drivers/STM32G4xx_HAL_Driver/stm32g4xx_hal_tim.o
 .text.TIM_OC4_SetConfig
                0x00000000080067b0       0x80 ./Drivers/STM32G4xx_HAL_Driver/stm32g4xx_hal_tim.o
 .text.HAL_TIM_Base_Init
                0x0000000008006830      0x108 ./Drivers/STM32G4xx_HAL_Driver/stm32g4xx_hal_tim.o
                0x0000000008006830                HAL_TIM_Base_Init
 .text.HAL_TIM_PWM_MspInit
                0x0000000008006938        0x4 ./Drivers/STM32G4xx_HAL_Driver/stm32g4xx_hal_tim.o
                0x0000000008006938                HAL_TIM_PWM_MspInit
 .text.HAL_TIM_PWM_Init
                0x000000000800693c      0x108 ./Drivers/STM32G4xx_HAL_Driver/stm32g4xx_hal_tim.o
                0x000000000800693c                HAL_TIM_PWM_Init
 .text.HAL_TIM_SlaveConfigSynchro
                0x0000000008006a44      0x104 ./Drivers/STM32G4xx_HAL_Driver/stm32g4xx_hal_tim.o
                0x0000000008006a44                HAL_TIM_SlaveConfigSynchro
 .text.TIM_OC2_SetConfig
                0x0000000008006b48       0x80 ./Drivers/STM32G4xx_HAL_Driver/stm32g4xx_hal_tim.o
                0x0000000008006b48                TIM_OC2_SetConfig
 .text.HAL_TIM_PWM_ConfigChannel
                0x0000000008006bc8      0x1f4 ./Drivers/STM32G4xx_HAL_Driver/stm32g4xx_hal_tim.o
                0x0000000008006bc8                HAL_TIM_PWM_ConfigChannel
 .text.HAL_TIMEx_MasterConfigSynchronization
                0x0000000008006dbc       0x90 ./Drivers/STM32G4xx_HAL_Driver/stm32g4xx_hal_tim_ex.o
                0x0000000008006dbc                HAL_TIMEx_MasterConfigSynchronization
 .text.HAL_TIMEx_ConfigBreakDeadTime
                0x0000000008006e4c       0x9c ./Drivers/STM32G4xx_HAL_Driver/stm32g4xx_hal_tim_ex.o
                0x0000000008006e4c                HAL_TIMEx_ConfigBreakDeadTime
 .text.UART_AdvFeatureConfig
                0x0000000008006ee8       0xb0 ./Drivers/STM32G4xx_HAL_Driver/stm32g4xx_hal_uart.o
                0x0000000008006ee8                UART_AdvFeatureConfig
 .text.UART_CheckIdleState
                0x0000000008006f98       0xc8 ./Drivers/STM32G4xx_HAL_Driver/stm32g4xx_hal_uart.o
                0x0000000008006f98                UART_CheckIdleState
 .text.HAL_UART_Init
                0x0000000008007060      0x370 ./Drivers/STM32G4xx_HAL_Driver/stm32g4xx_hal_uart.o
                0x0000000008007060                HAL_UART_Init
 .text.HAL_UARTEx_DisableFifoMode
                0x00000000080073d0       0x3c ./Drivers/STM32G4xx_HAL_Driver/stm32g4xx_hal_uart_ex.o
                0x00000000080073d0                HAL_UARTEx_DisableFifoMode
 .text.HAL_UARTEx_SetTxFifoThreshold
                0x000000000800740c       0x7c ./Drivers/STM32G4xx_HAL_Driver/stm32g4xx_hal_uart_ex.o
                0x000000000800740c                HAL_UARTEx_SetTxFifoThreshold
 .text.HAL_UARTEx_SetRxFifoThreshold
                0x0000000008007488       0x7c ./Drivers/STM32G4xx_HAL_Driver/stm32g4xx_hal_uart_ex.o
                0x0000000008007488                HAL_UARTEx_SetRxFifoThreshold
 .text.VBS_GetAvBusVoltage_d
                0x0000000008007504        0x4 ./Middlewares/MotorControl/bus_voltage_sensor.o
                0x0000000008007504                VBS_GetAvBusVoltage_d
 .text.VBS_GetAvBusVoltage_V
                0x0000000008007508        0xc ./Middlewares/MotorControl/bus_voltage_sensor.o
                0x0000000008007508                VBS_GetAvBusVoltage_V
 .text.Circle_Limitation
                0x0000000008007514       0x60 ./Middlewares/MotorControl/circle_limitation.o
                0x0000000008007514                Circle_Limitation
 .text.MCP_ReceivedPacket
                0x0000000008007574      0x1ac ./Middlewares/MotorControl/mcp.o
                0x0000000008007574                MCP_ReceivedPacket
 .text.MCPA_dataLog
                0x0000000008007720      0x188 ./Middlewares/MotorControl/mcpa.o
                0x0000000008007720                MCPA_dataLog
 .text.MCPA_flushDataLog
                0x00000000080078a8       0x5c ./Middlewares/MotorControl/mcpa.o
                0x00000000080078a8                MCPA_flushDataLog
 .text.MCPA_cfgLog
                0x0000000008007904       0xe8 ./Middlewares/MotorControl/mcpa.o
                0x0000000008007904                MCPA_cfgLog
 .text.MPM_Clear
                0x00000000080079ec       0x18 ./Middlewares/MotorControl/motor_power_measurement.o
                0x00000000080079ec                MPM_Clear
 .text.MPM_CalcElMotorPower
                0x0000000008007a04       0x44 ./Middlewares/MotorControl/motor_power_measurement.o
                0x0000000008007a04                MPM_CalcElMotorPower
 .text.MPM_GetAvrgElMotorPowerW
                0x0000000008007a48        0x8 ./Middlewares/MotorControl/motor_power_measurement.o
                0x0000000008007a48                MPM_GetAvrgElMotorPowerW
 .text.NTC_SetFaultState
                0x0000000008007a50       0x1c ./Middlewares/MotorControl/ntc_temperature_sensor.o
                0x0000000008007a50                NTC_SetFaultState
 .text.NTC_Clear
                0x0000000008007a6c        0x8 ./Middlewares/MotorControl/ntc_temperature_sensor.o
                0x0000000008007a6c                NTC_Clear
 .text.NTC_Init
                0x0000000008007a74       0x24 ./Middlewares/MotorControl/ntc_temperature_sensor.o
                0x0000000008007a74                NTC_Init
 .text.NTC_CalcAvTemp
                0x0000000008007a98       0x38 ./Middlewares/MotorControl/ntc_temperature_sensor.o
                0x0000000008007a98                NTC_CalcAvTemp
 .text.NTC_GetAvTemp_C
                0x0000000008007ad0       0x2c ./Middlewares/MotorControl/ntc_temperature_sensor.o
                0x0000000008007ad0                NTC_GetAvTemp_C
 .text.PID_HandleInit
                0x0000000008007afc       0x10 ./Middlewares/MotorControl/pid_regulator.o
                0x0000000008007afc                PID_HandleInit
 .text.PID_SetKP
                0x0000000008007b0c        0x4 ./Middlewares/MotorControl/pid_regulator.o
                0x0000000008007b0c                PID_SetKP
 .text.PID_SetKI
                0x0000000008007b10        0x4 ./Middlewares/MotorControl/pid_regulator.o
                0x0000000008007b10                PID_SetKI
 .text.PID_GetKP
                0x0000000008007b14        0x8 ./Middlewares/MotorControl/pid_regulator.o
                0x0000000008007b14                PID_GetKP
 .text.PID_GetKI
                0x0000000008007b1c        0x8 ./Middlewares/MotorControl/pid_regulator.o
                0x0000000008007b1c                PID_GetKI
 .text.PID_SetIntegralTerm
                0x0000000008007b24        0x4 ./Middlewares/MotorControl/pid_regulator.o
                0x0000000008007b24                PID_SetIntegralTerm
 .text.PID_GetKPDivisorPOW2
                0x0000000008007b28        0x8 ./Middlewares/MotorControl/pid_regulator.o
                0x0000000008007b28                PID_GetKPDivisorPOW2
 .text.PID_SetKPDivisorPOW2
                0x0000000008007b30        0xc ./Middlewares/MotorControl/pid_regulator.o
                0x0000000008007b30                PID_SetKPDivisorPOW2
 .text.PID_GetKIDivisor
                0x0000000008007b3c        0x4 ./Middlewares/MotorControl/pid_regulator.o
                0x0000000008007b3c                PID_GetKIDivisor
 .text.PID_GetKIDivisorPOW2
                0x0000000008007b40        0x8 ./Middlewares/MotorControl/pid_regulator.o
                0x0000000008007b40                PID_GetKIDivisorPOW2
 .text.PID_SetLowerIntegralTermLimit
                0x0000000008007b48        0x4 ./Middlewares/MotorControl/pid_regulator.o
                0x0000000008007b48                PID_SetLowerIntegralTermLimit
 .text.PID_SetUpperIntegralTermLimit
                0x0000000008007b4c        0x4 ./Middlewares/MotorControl/pid_regulator.o
                0x0000000008007b4c                PID_SetUpperIntegralTermLimit
 .text.PID_SetKIDivisorPOW2
                0x0000000008007b50       0x28 ./Middlewares/MotorControl/pid_regulator.o
                0x0000000008007b50                PID_SetKIDivisorPOW2
 .text.PID_SetKD
                0x0000000008007b78        0x4 ./Middlewares/MotorControl/pid_regulator.o
                0x0000000008007b78                PID_SetKD
 .text.PID_GetKD
                0x0000000008007b7c        0x8 ./Middlewares/MotorControl/pid_regulator.o
                0x0000000008007b7c                PID_GetKD
 .text.PID_GetKDDivisorPOW2
                0x0000000008007b84        0x8 ./Middlewares/MotorControl/pid_regulator.o
                0x0000000008007b84                PID_GetKDDivisorPOW2
 .text.PID_SetKDDivisorPOW2
                0x0000000008007b8c        0xc ./Middlewares/MotorControl/pid_regulator.o
                0x0000000008007b8c                PID_SetKDDivisorPOW2
 .text.PI_Controller
                0x0000000008007b98       0x8c ./Middlewares/MotorControl/pid_regulator.o
                0x0000000008007b98                PI_Controller
 .text.PQD_CalcElMotorPower
                0x0000000008007c24       0x68 ./Middlewares/MotorControl/pqd_motor_power_measurement.o
                0x0000000008007c24                PQD_CalcElMotorPower
 .text.startTimers
                0x0000000008007c8c       0x70 ./Middlewares/MotorControl/pwm_common.o
                0x0000000008007c8c                startTimers
 .text.waitForPolarizationEnd
                0x0000000008007cfc       0x38 ./Middlewares/MotorControl/pwm_common.o
                0x0000000008007cfc                waitForPolarizationEnd
 .text.R3_2_ADCxInit
                0x0000000008007d34       0xb4 ./Middlewares/MotorControl/r3_2_g4xx_pwm_curr_fdbk.o
 .text.R3_2_GetPhaseCurrents
                0x0000000008007de8      0x170 ./Middlewares/MotorControl/r3_2_g4xx_pwm_curr_fdbk.o
                0x0000000008007de8                R3_2_GetPhaseCurrents
 .text.R3_2_SetADCSampPointPolarization
                0x0000000008007f58       0x3c ./Middlewares/MotorControl/r3_2_g4xx_pwm_curr_fdbk.o
                0x0000000008007f58                R3_2_SetADCSampPointPolarization
 .text.R3_2_HFCurrentsPolarizationAB
                0x0000000008007f94       0x4c ./Middlewares/MotorControl/r3_2_g4xx_pwm_curr_fdbk.o
 .text.R3_2_HFCurrentsPolarizationC
                0x0000000008007fe0       0x44 ./Middlewares/MotorControl/r3_2_g4xx_pwm_curr_fdbk.o
 .text.R3_2_TurnOnLowSides
                0x0000000008008024       0x50 ./Middlewares/MotorControl/r3_2_g4xx_pwm_curr_fdbk.o
                0x0000000008008024                R3_2_TurnOnLowSides
 .text.R3_2_SwitchOnPWM
                0x0000000008008074       0x98 ./Middlewares/MotorControl/r3_2_g4xx_pwm_curr_fdbk.o
                0x0000000008008074                R3_2_SwitchOnPWM
 .text.R3_2_SwitchOffPWM
                0x000000000800810c       0x64 ./Middlewares/MotorControl/r3_2_g4xx_pwm_curr_fdbk.o
                0x000000000800810c                R3_2_SwitchOffPWM
 .text.R3_2_RLGetPhaseCurrents
                0x0000000008008170       0x58 ./Middlewares/MotorControl/r3_2_g4xx_pwm_curr_fdbk.o
 .text.R3_2_RLTurnOnLowSides
                0x00000000080081c8       0x4c ./Middlewares/MotorControl/r3_2_g4xx_pwm_curr_fdbk.o
 .text.R3_2_RLSwitchOnPWM
                0x0000000008008214       0xb0 ./Middlewares/MotorControl/r3_2_g4xx_pwm_curr_fdbk.o
 .text.R3_2_SetAOReferenceVoltage
                0x00000000080082c4       0x94 ./Middlewares/MotorControl/r3_2_g4xx_pwm_curr_fdbk.o
 .text.R3_2_Init
                0x0000000008008358      0x2a0 ./Middlewares/MotorControl/r3_2_g4xx_pwm_curr_fdbk.o
                0x0000000008008358                R3_2_Init
 .text.R3_2_CurrentReadingPolarization
                0x00000000080085f8      0x140 ./Middlewares/MotorControl/r3_2_g4xx_pwm_curr_fdbk.o
                0x00000000080085f8                R3_2_CurrentReadingPolarization
 .text.R3_2_SetADCSampPointSectX
                0x0000000008008738       0x7c ./Middlewares/MotorControl/r3_2_g4xx_pwm_curr_fdbk.o
                0x0000000008008738                R3_2_SetADCSampPointSectX
 .text.R3_2_TIMx_UP_IRQHandler
                0x00000000080087b4       0x84 ./Middlewares/MotorControl/r3_2_g4xx_pwm_curr_fdbk.o
                0x00000000080087b4                R3_2_TIMx_UP_IRQHandler
 .text.R3_2_BRK2_IRQHandler
                0x0000000008008838       0x44 ./Middlewares/MotorControl/r3_2_g4xx_pwm_curr_fdbk.o
                0x0000000008008838                R3_2_BRK2_IRQHandler
 .text.R3_2_BRK_IRQHandler
                0x000000000800887c       0x20 ./Middlewares/MotorControl/r3_2_g4xx_pwm_curr_fdbk.o
                0x000000000800887c                R3_2_BRK_IRQHandler
 .text.R3_2_IsOverCurrentOccurred
                0x000000000800889c       0x28 ./Middlewares/MotorControl/r3_2_g4xx_pwm_curr_fdbk.o
                0x000000000800889c                R3_2_IsOverCurrentOccurred
 .text.R3_2_RLDetectionModeEnable
                0x00000000080088c4       0xd4 ./Middlewares/MotorControl/r3_2_g4xx_pwm_curr_fdbk.o
                0x00000000080088c4                R3_2_RLDetectionModeEnable
 .text.R3_2_RLDetectionModeDisable
                0x0000000008008998       0xf0 ./Middlewares/MotorControl/r3_2_g4xx_pwm_curr_fdbk.o
                0x0000000008008998                R3_2_RLDetectionModeDisable
 .text.R3_2_RLDetectionModeSetDuty
                0x0000000008008a88       0x7c ./Middlewares/MotorControl/r3_2_g4xx_pwm_curr_fdbk.o
                0x0000000008008a88                R3_2_RLDetectionModeSetDuty
 .text.RVBS_Clear
                0x0000000008008b04       0x38 ./Middlewares/MotorControl/r_divider_bus_voltage_sensor.o
                0x0000000008008b04                RVBS_Clear
 .text.RVBS_Init
                0x0000000008008b3c       0x18 ./Middlewares/MotorControl/r_divider_bus_voltage_sensor.o
                0x0000000008008b3c                RVBS_Init
 .text.RVBS_CheckFaultState
                0x0000000008008b54       0x18 ./Middlewares/MotorControl/r_divider_bus_voltage_sensor.o
                0x0000000008008b54                RVBS_CheckFaultState
 .text.RVBS_CalcAvVbus
                0x0000000008008b6c       0x6c ./Middlewares/MotorControl/r_divider_bus_voltage_sensor.o
                0x0000000008008b6c                RVBS_CalcAvVbus
 .text.REMNG_Init
                0x0000000008008bd8       0x10 ./Middlewares/MotorControl/ramp_ext_mngr.o
                0x0000000008008bd8                REMNG_Init
 .text.REMNG_Calc
                0x0000000008008be8       0x44 ./Middlewares/MotorControl/ramp_ext_mngr.o
                0x0000000008008be8                REMNG_Calc
 .text.REMNG_RampCompleted
                0x0000000008008c2c        0xc ./Middlewares/MotorControl/ramp_ext_mngr.o
                0x0000000008008c2c                REMNG_RampCompleted
 .text.getScalingFactor
                0x0000000008008c38       0x2c ./Middlewares/MotorControl/ramp_ext_mngr.o
                0x0000000008008c38                getScalingFactor
 .text.REMNG_ExecRamp
                0x0000000008008c64       0x84 ./Middlewares/MotorControl/ramp_ext_mngr.o
                0x0000000008008c64                REMNG_ExecRamp
 .text.SPD_GetElAngle
                0x0000000008008ce8        0x8 ./Middlewares/MotorControl/speed_pos_fdbk.o
                0x0000000008008ce8                SPD_GetElAngle
 .text.SPD_GetAvrgMecSpeedUnit
                0x0000000008008cf0        0x8 ./Middlewares/MotorControl/speed_pos_fdbk.o
                0x0000000008008cf0                SPD_GetAvrgMecSpeedUnit
 .text.SPD_GetInstElSpeedDpp
                0x0000000008008cf8        0x8 ./Middlewares/MotorControl/speed_pos_fdbk.o
                0x0000000008008cf8                SPD_GetInstElSpeedDpp
 .text.SPD_IsMecSpeedReliable
                0x0000000008008d00       0x58 ./Middlewares/MotorControl/speed_pos_fdbk.o
                0x0000000008008d00                SPD_IsMecSpeedReliable
 .text.SPD_GetS16Speed
                0x0000000008008d58       0x14 ./Middlewares/MotorControl/speed_pos_fdbk.o
                0x0000000008008d58                SPD_GetS16Speed
 .text.STC_Init
                0x0000000008008d6c       0x28 ./Middlewares/MotorControl/speed_torq_ctrl.o
                0x0000000008008d6c                STC_Init
 .text.STC_SetSpeedSensor
                0x0000000008008d94        0x4 ./Middlewares/MotorControl/speed_torq_ctrl.o
                0x0000000008008d94                STC_SetSpeedSensor
 .text.STC_GetSpeedSensor
                0x0000000008008d98        0x4 ./Middlewares/MotorControl/speed_torq_ctrl.o
                0x0000000008008d98                STC_GetSpeedSensor
 .text.STC_Clear
                0x0000000008008d9c       0x10 ./Middlewares/MotorControl/speed_torq_ctrl.o
                0x0000000008008d9c                STC_Clear
 .text.STC_GetMecSpeedRefUnit
                0x0000000008008dac       0x10 ./Middlewares/MotorControl/speed_torq_ctrl.o
                0x0000000008008dac                STC_GetMecSpeedRefUnit
 .text.STC_GetTorqueRef
                0x0000000008008dbc       0x10 ./Middlewares/MotorControl/speed_torq_ctrl.o
                0x0000000008008dbc                STC_GetTorqueRef
 .text.STC_SetControlMode
                0x0000000008008dcc        0x8 ./Middlewares/MotorControl/speed_torq_ctrl.o
                0x0000000008008dcc                STC_SetControlMode
 .text.STC_ExecRamp
                0x0000000008008dd4       0x90 ./Middlewares/MotorControl/speed_torq_ctrl.o
                0x0000000008008dd4                STC_ExecRamp
 .text.STC_StopRamp
                0x0000000008008e64        0x8 ./Middlewares/MotorControl/speed_torq_ctrl.o
                0x0000000008008e64                STC_StopRamp
 .text.STC_CalcTorqueReference
                0x0000000008008e6c       0x64 ./Middlewares/MotorControl/speed_torq_ctrl.o
                0x0000000008008e6c                STC_CalcTorqueReference
 .text.STC_GetMecSpeedRefUnitDefault
                0x0000000008008ed0        0x8 ./Middlewares/MotorControl/speed_torq_ctrl.o
                0x0000000008008ed0                STC_GetMecSpeedRefUnitDefault
 .text.STC_GetDefaultIqdref
                0x0000000008008ed8       0x1c ./Middlewares/MotorControl/speed_torq_ctrl.o
                0x0000000008008ed8                STC_GetDefaultIqdref
 .text.STC_ForceSpeedReferenceToCurrentSpeed
                0x0000000008008ef4       0x10 ./Middlewares/MotorControl/speed_torq_ctrl.o
                0x0000000008008ef4                STC_ForceSpeedReferenceToCurrentSpeed
 .text.STM_Init
                0x0000000008008f04        0xc ./Middlewares/MotorControl/state_machine.o
                0x0000000008008f04                STM_Init
 .text.STM_FaultProcessing
                0x0000000008008f10       0x3c ./Middlewares/MotorControl/state_machine.o
                0x0000000008008f10                STM_FaultProcessing
 .text.STM_NextState
                0x0000000008008f4c       0xe8 ./Middlewares/MotorControl/state_machine.o
                0x0000000008008f4c                STM_NextState
 .text.STM_GetState
                0x0000000008009034        0x4 ./Middlewares/MotorControl/state_machine.o
                0x0000000008009034                STM_GetState
 .text.STM_FaultAcknowledged
                0x0000000008009038       0x18 ./Middlewares/MotorControl/state_machine.o
                0x0000000008009038                STM_FaultAcknowledged
 .text.STM_GetFaultState
                0x0000000008009050        0xc ./Middlewares/MotorControl/state_machine.o
                0x0000000008009050                STM_GetFaultState
 .text.STSPIN32G4_init
                0x000000000800905c       0x90 ./Middlewares/MotorControl/stspin32g4.o
                0x000000000800905c                STSPIN32G4_init
 .text.STSPIN32G4_setVCC
                0x00000000080090ec      0x238 ./Middlewares/MotorControl/stspin32g4.o
                0x00000000080090ec                STSPIN32G4_setVCC
 .text.STSPIN32G4_setVDSP
                0x0000000008009324      0x1b8 ./Middlewares/MotorControl/stspin32g4.o
                0x0000000008009324                STSPIN32G4_setVDSP
 .text.STSPIN32G4_clearFaults
                0x00000000080094dc       0x2c ./Middlewares/MotorControl/stspin32g4.o
                0x00000000080094dc                STSPIN32G4_clearFaults
 .text.STSPIN32G4_reset
                0x0000000008009508       0xb8 ./Middlewares/MotorControl/stspin32g4.o
                0x0000000008009508                STSPIN32G4_reset
 .text.VSS_Clear
                0x00000000080095c0       0x1c ./Middlewares/MotorControl/virtual_speed_sensor.o
                0x00000000080095c0                VSS_Clear
 .text.VSS_Init
                0x00000000080095dc        0x8 ./Middlewares/MotorControl/virtual_speed_sensor.o
                0x00000000080095dc                VSS_Init
 .text.VSS_CalcElAngle
                0x00000000080095e4       0xa0 ./Middlewares/MotorControl/virtual_speed_sensor.o
                0x00000000080095e4                VSS_CalcElAngle
 .text.VSS_CalcAvrgMecSpeedUnit
                0x0000000008009684       0x94 ./Middlewares/MotorControl/virtual_speed_sensor.o
                0x0000000008009684                VSS_CalcAvrgMecSpeedUnit
 .text.VSS_SetMecAngle
                0x0000000008009718       0x10 ./Middlewares/MotorControl/virtual_speed_sensor.o
                0x0000000008009718                VSS_SetMecAngle
 .text.VSS_SetMecAcceleration
                0x0000000008009728       0x7c ./Middlewares/MotorControl/virtual_speed_sensor.o
                0x0000000008009728                VSS_SetMecAcceleration
 .text.VSS_SetStartTransition
                0x00000000080097a4       0x1c ./Middlewares/MotorControl/virtual_speed_sensor.o
                0x00000000080097a4                VSS_SetStartTransition
 .text.VSS_TransitionEnded
                0x00000000080097c0        0x8 ./Middlewares/MotorControl/virtual_speed_sensor.o
                0x00000000080097c0                VSS_TransitionEnded
 .text.RUC_Init
                0x00000000080097c8       0x7c ../../MCSDK_v5.Y.3/MotorControl/lib\libmc-gcc_M4_NoCCMRAM.lib(revup_ctrl.o)
                0x00000000080097c8                RUC_Init
 .text.RUC_Clear
                0x0000000008009844       0x90 ../../MCSDK_v5.Y.3/MotorControl/lib\libmc-gcc_M4_NoCCMRAM.lib(revup_ctrl.o)
                0x0000000008009844                RUC_Clear
 .text.RUC_Exec
                0x00000000080098d4       0x74 ../../MCSDK_v5.Y.3/MotorControl/lib\libmc-gcc_M4_NoCCMRAM.lib(revup_ctrl.o)
                0x00000000080098d4                RUC_Exec
 .text.RUC_FirstAccelerationStageReached
                0x0000000008009948       0x14 ../../MCSDK_v5.Y.3/MotorControl/lib\libmc-gcc_M4_NoCCMRAM.lib(revup_ctrl.o)
                0x0000000008009948                RUC_FirstAccelerationStageReached
 .text.RUC_SetPhase
                0x000000000800995c       0x20 ../../MCSDK_v5.Y.3/MotorControl/lib\libmc-gcc_M4_NoCCMRAM.lib(revup_ctrl.o)
                0x000000000800995c                RUC_SetPhase
 .text.RUC_GetNumberOfPhases
                0x000000000800997c        0x8 ../../MCSDK_v5.Y.3/MotorControl/lib\libmc-gcc_M4_NoCCMRAM.lib(revup_ctrl.o)
                0x000000000800997c                RUC_GetNumberOfPhases
 .text.RUC_GetPhase
                0x0000000008009984       0x20 ../../MCSDK_v5.Y.3/MotorControl/lib\libmc-gcc_M4_NoCCMRAM.lib(revup_ctrl.o)
                0x0000000008009984                RUC_GetPhase
 .text.STO_PLL_CalcElAngle
                0x00000000080099a4      0x1d4 ../../MCSDK_v5.Y.3/MotorControl/lib\libmc-gcc_M4_NoCCMRAM.lib(sto_pll_speed_pos_fdbk.o)
                0x00000000080099a4                STO_PLL_CalcElAngle
 .text.STO_PLL_CalcAvrgMecSpeedUnit
                0x0000000008009b78      0x140 ../../MCSDK_v5.Y.3/MotorControl/lib\libmc-gcc_M4_NoCCMRAM.lib(sto_pll_speed_pos_fdbk.o)
                0x0000000008009b78                STO_PLL_CalcAvrgMecSpeedUnit
 .text.STO_PLL_CalcAvrgElSpeedDpp
                0x0000000008009cb8       0x54 ../../MCSDK_v5.Y.3/MotorControl/lib\libmc-gcc_M4_NoCCMRAM.lib(sto_pll_speed_pos_fdbk.o)
                0x0000000008009cb8                STO_PLL_CalcAvrgElSpeedDpp
 .text.STO_PLL_Clear
                0x0000000008009d0c       0x5c ../../MCSDK_v5.Y.3/MotorControl/lib\libmc-gcc_M4_NoCCMRAM.lib(sto_pll_speed_pos_fdbk.o)
                0x0000000008009d0c                STO_PLL_Clear
 .text.STO_PLL_Init
                0x0000000008009d68       0x74 ../../MCSDK_v5.Y.3/MotorControl/lib\libmc-gcc_M4_NoCCMRAM.lib(sto_pll_speed_pos_fdbk.o)
                0x0000000008009d68                STO_PLL_Init
 .text.STO_PLL_IsObserverConverged
                0x0000000008009ddc       0xa8 ../../MCSDK_v5.Y.3/MotorControl/lib\libmc-gcc_M4_NoCCMRAM.lib(sto_pll_speed_pos_fdbk.o)
                0x0000000008009ddc                STO_PLL_IsObserverConverged
 .text.STO_PLL_GetEstimatedBemf
                0x0000000008009e84       0x18 ../../MCSDK_v5.Y.3/MotorControl/lib\libmc-gcc_M4_NoCCMRAM.lib(sto_pll_speed_pos_fdbk.o)
                0x0000000008009e84                STO_PLL_GetEstimatedBemf
 .text.STO_PLL_GetEstimatedCurrent
                0x0000000008009e9c       0x28 ../../MCSDK_v5.Y.3/MotorControl/lib\libmc-gcc_M4_NoCCMRAM.lib(sto_pll_speed_pos_fdbk.o)
                0x0000000008009e9c                STO_PLL_GetEstimatedCurrent
 .text.STO_PLL_GetObserverGains
                0x0000000008009ec4       0x10 ../../MCSDK_v5.Y.3/MotorControl/lib\libmc-gcc_M4_NoCCMRAM.lib(sto_pll_speed_pos_fdbk.o)
                0x0000000008009ec4                STO_PLL_GetObserverGains
 .text.STO_PLL_SetObserverGains
                0x0000000008009ed4        0x8 ../../MCSDK_v5.Y.3/MotorControl/lib\libmc-gcc_M4_NoCCMRAM.lib(sto_pll_speed_pos_fdbk.o)
                0x0000000008009ed4                STO_PLL_SetObserverGains
 .text.STO_OTF_ResetPLL
                0x0000000008009edc        0xc ../../MCSDK_v5.Y.3/MotorControl/lib\libmc-gcc_M4_NoCCMRAM.lib(sto_pll_speed_pos_fdbk.o)
                0x0000000008009edc                STO_OTF_ResetPLL
 .text.STO_ResetPLL
                0x0000000008009ee8        0x8 ../../MCSDK_v5.Y.3/MotorControl/lib\libmc-gcc_M4_NoCCMRAM.lib(sto_pll_speed_pos_fdbk.o)
                0x0000000008009ee8                STO_ResetPLL
 .text.STO_PLL_GetEstimatedBemfLevel
                0x0000000008009ef0        0x8 ../../MCSDK_v5.Y.3/MotorControl/lib\libmc-gcc_M4_NoCCMRAM.lib(sto_pll_speed_pos_fdbk.o)
                0x0000000008009ef0                STO_PLL_GetEstimatedBemfLevel
 .text.STO_PLL_GetObservedBemfLevel
                0x0000000008009ef8        0x8 ../../MCSDK_v5.Y.3/MotorControl/lib\libmc-gcc_M4_NoCCMRAM.lib(sto_pll_speed_pos_fdbk.o)
                0x0000000008009ef8                STO_PLL_GetObservedBemfLevel
 .text.STO_PLL_IsVarianceTight
                0x0000000008009f00        0x8 ../../MCSDK_v5.Y.3/MotorControl/lib\libmc-gcc_M4_NoCCMRAM.lib(sto_pll_speed_pos_fdbk.o)
                0x0000000008009f00                STO_PLL_IsVarianceTight
 .text.STO_PLL_ForceConvergency1
                0x0000000008009f08        0xc ../../MCSDK_v5.Y.3/MotorControl/lib\libmc-gcc_M4_NoCCMRAM.lib(sto_pll_speed_pos_fdbk.o)
                0x0000000008009f08                STO_PLL_ForceConvergency1
 .text.STO_PLL_ForceConvergency2
                0x0000000008009f14        0xc ../../MCSDK_v5.Y.3/MotorControl/lib\libmc-gcc_M4_NoCCMRAM.lib(sto_pll_speed_pos_fdbk.o)
                0x0000000008009f14                STO_PLL_ForceConvergency2
 .text.STO_SetDirection
                0x0000000008009f20        0x8 ../../MCSDK_v5.Y.3/MotorControl/lib\libmc-gcc_M4_NoCCMRAM.lib(sto_pll_speed_pos_fdbk.o)
                0x0000000008009f20                STO_SetDirection
 .text.__libc_init_array
                0x0000000008009f28       0x48 c:/st/stm32cubeide_1.8.0/stm32cubeide/plugins/com.st.stm32cube.ide.mcu.externaltools.gnu-tools-for-stm32.9-2020-q2-update.win32_2.0.0.202105311346/tools/bin/../lib/gcc/arm-none-eabi/9.3.1/../../../../arm-none-eabi/lib/thumb/v7e-m+fp/hard\libc_nano.a(lib_a-init.o)
                0x0000000008009f28                __libc_init_array
 .text.memcpy   0x0000000008009f70       0x1c c:/st/stm32cubeide_1.8.0/stm32cubeide/plugins/com.st.stm32cube.ide.mcu.externaltools.gnu-tools-for-stm32.9-2020-q2-update.win32_2.0.0.202105311346/tools/bin/../lib/gcc/arm-none-eabi/9.3.1/../../../../arm-none-eabi/lib/thumb/v7e-m+fp/hard\libc_nano.a(lib_a-memcpy-stub.o)
                0x0000000008009f70                memcpy
 .text.memset   0x0000000008009f8c       0x10 c:/st/stm32cubeide_1.8.0/stm32cubeide/plugins/com.st.stm32cube.ide.mcu.externaltools.gnu-tools-for-stm32.9-2020-q2-update.win32_2.0.0.202105311346/tools/bin/../lib/gcc/arm-none-eabi/9.3.1/../../../../arm-none-eabi/lib/thumb/v7e-m+fp/hard\libc_nano.a(lib_a-memset.o)
                0x0000000008009f8c                memset
 *(.glue_7)
 .glue_7        0x0000000008009f9c        0x0 linker stubs
 *(.glue_7t)
 .glue_7t       0x0000000008009f9c        0x0 linker stubs
 *(.eh_frame)
 .eh_frame      0x0000000008009f9c        0x0 c:/st/stm32cubeide_1.8.0/stm32cubeide/plugins/com.st.stm32cube.ide.mcu.externaltools.gnu-tools-for-stm32.9-2020-q2-update.win32_2.0.0.202105311346/tools/bin/../lib/gcc/arm-none-eabi/9.3.1/thumb/v7e-m+fp/hard/crtbegin.o
 *(.init)
 .init          0x0000000008009f9c        0x4 c:/st/stm32cubeide_1.8.0/stm32cubeide/plugins/com.st.stm32cube.ide.mcu.externaltools.gnu-tools-for-stm32.9-2020-q2-update.win32_2.0.0.202105311346/tools/bin/../lib/gcc/arm-none-eabi/9.3.1/thumb/v7e-m+fp/hard/crti.o
                0x0000000008009f9c                _init
 .init          0x0000000008009fa0        0x8 c:/st/stm32cubeide_1.8.0/stm32cubeide/plugins/com.st.stm32cube.ide.mcu.externaltools.gnu-tools-for-stm32.9-2020-q2-update.win32_2.0.0.202105311346/tools/bin/../lib/gcc/arm-none-eabi/9.3.1/thumb/v7e-m+fp/hard/crtn.o
 *(.fini)
 .fini          0x0000000008009fa8        0x4 c:/st/stm32cubeide_1.8.0/stm32cubeide/plugins/com.st.stm32cube.ide.mcu.externaltools.gnu-tools-for-stm32.9-2020-q2-update.win32_2.0.0.202105311346/tools/bin/../lib/gcc/arm-none-eabi/9.3.1/thumb/v7e-m+fp/hard/crti.o
                0x0000000008009fa8                _fini
 .fini          0x0000000008009fac        0x8 c:/st/stm32cubeide_1.8.0/stm32cubeide/plugins/com.st.stm32cube.ide.mcu.externaltools.gnu-tools-for-stm32.9-2020-q2-update.win32_2.0.0.202105311346/tools/bin/../lib/gcc/arm-none-eabi/9.3.1/thumb/v7e-m+fp/hard/crtn.o
                0x0000000008009fb4                . = ALIGN (0x4)
                0x0000000008009fb4                _etext = .

.vfp11_veneer   0x0000000008009fb4        0x0
 .vfp11_veneer  0x0000000008009fb4        0x0 linker stubs

.v4_bx          0x0000000008009fb4        0x0
 .v4_bx         0x0000000008009fb4        0x0 linker stubs

.iplt           0x0000000008009fb4        0x0
 .iplt          0x0000000008009fb4        0x0 c:/st/stm32cubeide_1.8.0/stm32cubeide/plugins/com.st.stm32cube.ide.mcu.externaltools.gnu-tools-for-stm32.9-2020-q2-update.win32_2.0.0.202105311346/tools/bin/../lib/gcc/arm-none-eabi/9.3.1/thumb/v7e-m+fp/hard/crtbegin.o

.rodata         0x0000000008009fb4      0x358
                0x0000000008009fb4                . = ALIGN (0x4)
 *(.rodata)
 *(.rodata*)
 .rodata.CRC4_Lookup4
                0x0000000008009fb4       0x10 ./Application/User/aspep.o
                0x0000000008009fb4                CRC4_Lookup4
 .rodata.CRC4_Lookup8
                0x0000000008009fc4      0x100 ./Application/User/aspep.o
                0x0000000008009fc4                CRC4_Lookup8
 .rodata.CTL_BOARD
                0x000000000800a0c4       0x10 ./Application/User/mc_configuration_registers.o
                0x000000000800a0c4                CTL_BOARD
 .rodata.FIRMWARE_NAME
                0x000000000800a0d4       0x18 ./Application/User/mc_configuration_registers.o
                0x000000000800a0d4                FIRMWARE_NAME
 .rodata.M1_ApplicationConfig_reg
                0x000000000800a0ec        0xe ./Application/User/mc_configuration_registers.o
                0x000000000800a0ec                M1_ApplicationConfig_reg
 *fill*         0x000000000800a0fa        0x2 
 .rodata.M1_FOCConfig_reg
                0x000000000800a0fc        0xc ./Application/User/mc_configuration_registers.o
                0x000000000800a0fc                M1_FOCConfig_reg
 .rodata.M1_MotorConfig_reg
                0x000000000800a108       0x3c ./Application/User/mc_configuration_registers.o
                0x000000000800a108                M1_MotorConfig_reg
 .rodata.M1_PWR_BOARD
                0x000000000800a144       0x11 ./Application/User/mc_configuration_registers.o
                0x000000000800a144                M1_PWR_BOARD
 *fill*         0x000000000800a155        0x3 
 .rodata.globalConfig_reg
                0x000000000800a158        0xa ./Application/User/mc_configuration_registers.o
                0x000000000800a158                globalConfig_reg
 *fill*         0x000000000800a162        0x2 
 .rodata.R3_2_ParamsM1
                0x000000000800a164       0xcc ./Application/User/mc_parameters.o
                0x000000000800a164                R3_2_ParamsM1
 .rodata.R3_3_OPAMPParamsM1
                0x000000000800a230       0x6c ./Application/User/mc_parameters.o
                0x000000000800a230                R3_3_OPAMPParamsM1
 .rodata.CSWTCH.39
                0x000000000800a29c       0x11 ./Application/User/register_interface.o
 *fill*         0x000000000800a2ad        0x3 
 .rodata.CHANNEL_OFFSET_TAB
                0x000000000800a2b0        0x6 ./Application/User/usart_aspep_driver.o
 *fill*         0x000000000800a2b6        0x2 
 .rodata.AHBPrescTable
                0x000000000800a2b8       0x10 ./Drivers/CMSIS/system_stm32g4xx.o
                0x000000000800a2b8                AHBPrescTable
 .rodata.APBPrescTable
                0x000000000800a2c8        0x8 ./Drivers/CMSIS/system_stm32g4xx.o
                0x000000000800a2c8                APBPrescTable
 .rodata.CSWTCH.58
                0x000000000800a2d0        0x3 ./Drivers/STM32G4xx_HAL_Driver/stm32g4xx_hal_uart.o
 *fill*         0x000000000800a2d3        0x1 
 .rodata.CSWTCH.59
                0x000000000800a2d4        0xd ./Drivers/STM32G4xx_HAL_Driver/stm32g4xx_hal_uart.o
 *fill*         0x000000000800a2e1        0x3 
 .rodata.UARTPrescTable
                0x000000000800a2e4       0x18 ./Drivers/STM32G4xx_HAL_Driver/stm32g4xx_hal_uart.o
                0x000000000800a2e4                UARTPrescTable
 .rodata.denominator.9979
                0x000000000800a2fc        0x8 ./Drivers/STM32G4xx_HAL_Driver/stm32g4xx_hal_uart_ex.o
 .rodata.numerator.9978
                0x000000000800a304        0x8 ./Drivers/STM32G4xx_HAL_Driver/stm32g4xx_hal_uart_ex.o
                0x000000000800a30c                . = ALIGN (0x4)

.ARM.extab      0x000000000800a30c        0x0
                0x000000000800a30c                . = ALIGN (0x4)
 *(.ARM.extab* .gnu.linkonce.armextab.*)
                0x000000000800a30c                . = ALIGN (0x4)

.ARM            0x000000000800a30c        0x8
                0x000000000800a30c                . = ALIGN (0x4)
                0x000000000800a30c                __exidx_start = .
 *(.ARM.exidx*)
 .ARM.exidx     0x000000000800a30c        0x8 c:/st/stm32cubeide_1.8.0/stm32cubeide/plugins/com.st.stm32cube.ide.mcu.externaltools.gnu-tools-for-stm32.9-2020-q2-update.win32_2.0.0.202105311346/tools/bin/../lib/gcc/arm-none-eabi/9.3.1/thumb/v7e-m+fp/hard\libgcc.a(_udivmoddi4.o)
                0x000000000800a314                __exidx_end = .
                0x000000000800a314                . = ALIGN (0x4)

.rel.dyn        0x000000000800a314        0x0
 .rel.iplt      0x000000000800a314        0x0 c:/st/stm32cubeide_1.8.0/stm32cubeide/plugins/com.st.stm32cube.ide.mcu.externaltools.gnu-tools-for-stm32.9-2020-q2-update.win32_2.0.0.202105311346/tools/bin/../lib/gcc/arm-none-eabi/9.3.1/thumb/v7e-m+fp/hard/crtbegin.o

.preinit_array  0x000000000800a314        0x0
                0x000000000800a314                . = ALIGN (0x4)
                0x000000000800a314                PROVIDE (__preinit_array_start = .)
 *(.preinit_array*)
                0x000000000800a314                PROVIDE (__preinit_array_end = .)
                0x000000000800a314                . = ALIGN (0x4)

.init_array     0x000000000800a314        0x4
                0x000000000800a314                . = ALIGN (0x4)
                0x000000000800a314                PROVIDE (__init_array_start = .)
 *(SORT_BY_NAME(.init_array.*))
 *(.init_array*)
 .init_array    0x000000000800a314        0x4 c:/st/stm32cubeide_1.8.0/stm32cubeide/plugins/com.st.stm32cube.ide.mcu.externaltools.gnu-tools-for-stm32.9-2020-q2-update.win32_2.0.0.202105311346/tools/bin/../lib/gcc/arm-none-eabi/9.3.1/thumb/v7e-m+fp/hard/crtbegin.o
                0x000000000800a318                PROVIDE (__init_array_end = .)
                0x000000000800a318                . = ALIGN (0x4)

.fini_array     0x000000000800a318        0x4
                0x000000000800a318                . = ALIGN (0x4)
                [!provide]                        PROVIDE (__fini_array_start = .)
 *(SORT_BY_NAME(.fini_array.*))
 *(.fini_array*)
 .fini_array    0x000000000800a318        0x4 c:/st/stm32cubeide_1.8.0/stm32cubeide/plugins/com.st.stm32cube.ide.mcu.externaltools.gnu-tools-for-stm32.9-2020-q2-update.win32_2.0.0.202105311346/tools/bin/../lib/gcc/arm-none-eabi/9.3.1/thumb/v7e-m+fp/hard/crtbegin.o
                [!provide]                        PROVIDE (__fini_array_end = .)
                0x000000000800a31c                . = ALIGN (0x4)
                0x000000000800a31c                _sidata = LOADADDR (.data)

.data           0x0000000020000000      0x664 load address 0x000000000800a31c
                0x0000000020000000                . = ALIGN (0x4)
                0x0000000020000000                _sdata = .
 *(.data)
 *(.data*)
 .data.BusVoltageSensor_M1
                0x0000000020000000       0x28 ./Application/User/mc_config.o
                0x0000000020000000                BusVoltageSensor_M1
 .data.CircleLimitationM1
                0x0000000020000028       0xb4 ./Application/User/mc_config.o
                0x0000000020000028                CircleLimitationM1
 .data.PIDIdHandle_M1
                0x00000000200000dc       0x2c ./Application/User/mc_config.o
                0x00000000200000dc                PIDIdHandle_M1
 .data.PIDIqHandle_M1
                0x0000000020000108       0x2c ./Application/User/mc_config.o
                0x0000000020000108                PIDIqHandle_M1
 .data.PIDSpeedHandle_M1
                0x0000000020000134       0x2c ./Application/User/mc_config.o
                0x0000000020000134                PIDSpeedHandle_M1
 .data.PQD_MotorPowMeasM1
                0x0000000020000160      0x114 ./Application/User/mc_config.o
                0x0000000020000160                PQD_MotorPowMeasM1
 .data.PWM_Handle_M1
                0x0000000020000274       0x90 ./Application/User/mc_config.o
                0x0000000020000274                PWM_Handle_M1
 .data.RampExtMngrHFParamsM1
                0x0000000020000304       0x18 ./Application/User/mc_config.o
                0x0000000020000304                RampExtMngrHFParamsM1
 .data.RevUpControlM1
                0x000000002000031c       0x78 ./Application/User/mc_config.o
                0x000000002000031c                RevUpControlM1
 .data.STO_M1   0x0000000020000394       0x14 ./Application/User/mc_config.o
                0x0000000020000394                STO_M1
 .data.STO_PLL_M1
                0x00000000200003a8      0x128 ./Application/User/mc_config.o
                0x00000000200003a8                STO_PLL_M1
 .data.SpeednTorqCtrlM1
                0x00000000200004d0       0x34 ./Application/User/mc_config.o
                0x00000000200004d0                SpeednTorqCtrlM1
 .data.TempSensor_M1
                0x0000000020000504       0x28 ./Application/User/mc_config.o
                0x0000000020000504                TempSensor_M1
 .data.VirtualSpeedSensorM1
                0x000000002000052c       0x38 ./Application/User/mc_config.o
                0x000000002000052c                VirtualSpeedSensorM1
 .data.pMPM     0x0000000020000564        0x4 ./Application/User/mc_config.o
                0x0000000020000564                pMPM
 .data.pPIDId   0x0000000020000568        0x4 ./Application/User/mc_config.o
                0x0000000020000568                pPIDId
 .data.pPIDIq   0x000000002000056c        0x4 ./Application/User/mc_config.o
                0x000000002000056c                pPIDIq
 .data.pSTC     0x0000000020000570        0x4 ./Application/User/mc_config.o
                0x0000000020000570                pSTC
 .data.pTemperatureSensor
                0x0000000020000574        0x4 ./Application/User/mc_config.o
                0x0000000020000574                pTemperatureSensor
 .data.ApplicationConfig_reg
                0x0000000020000578        0x4 ./Application/User/mc_configuration_registers.o
                0x0000000020000578                ApplicationConfig_reg
 .data.FOCConfig_reg
                0x000000002000057c        0x4 ./Application/User/mc_configuration_registers.o
                0x000000002000057c                FOCConfig_reg
 .data.MotorConfig_reg
                0x0000000020000580        0x4 ./Application/User/mc_configuration_registers.o
                0x0000000020000580                MotorConfig_reg
 .data.PWR_BOARD_NAME
                0x0000000020000584        0x4 ./Application/User/mc_configuration_registers.o
                0x0000000020000584                PWR_BOARD_NAME
 .data.MCPA_UART_A
                0x0000000020000588       0x2c ./Application/User/mcp_config.o
                0x0000000020000588                MCPA_UART_A
 .data.MCP_Over_UartA
                0x00000000200005b4       0x10 ./Application/User/mcp_config.o
                0x00000000200005b4                MCP_Over_UartA
 .data.UASPEP_A
                0x00000000200005c4       0x14 ./Application/User/mcp_config.o
                0x00000000200005c4                UASPEP_A
 .data.aspepOverUartA
                0x00000000200005d8       0x6c ./Application/User/mcp_config.o
                0x00000000200005d8                aspepOverUartA
 .data.BusVoltageSensor
                0x0000000020000644        0x4 ./Application/User/register_interface.o
                0x0000000020000644                BusVoltageSensor
 .data.RevUpControl
                0x0000000020000648        0x4 ./Application/User/register_interface.o
                0x0000000020000648                RevUpControl
 .data.pPIDSpeed
                0x000000002000064c        0x4 ./Application/User/register_interface.o
                0x000000002000064c                pPIDSpeed
 .data.stoPLLSensor
                0x0000000020000650        0x4 ./Application/User/register_interface.o
                0x0000000020000650                stoPLLSensor
 .data.SystickDividerCounter.15704
                0x0000000020000654        0x1 ./Application/User/stm32g4xx_mc_it.o
 *fill*         0x0000000020000655        0x3 
 .data.SystemCoreClock
                0x0000000020000658        0x4 ./Drivers/CMSIS/system_stm32g4xx.o
                0x0000000020000658                SystemCoreClock
 .data.uwTickFreq
                0x000000002000065c        0x4 ./Drivers/STM32G4xx_HAL_Driver/stm32g4xx_hal.o
                0x000000002000065c                uwTickFreq
 .data.uwTickPrio
                0x0000000020000660        0x4 ./Drivers/STM32G4xx_HAL_Driver/stm32g4xx_hal.o
                0x0000000020000660                uwTickPrio
 *(.RamFunc)
 *(.RamFunc*)
                0x0000000020000664                . = ALIGN (0x4)
                0x0000000020000664                _edata = .

.igot.plt       0x0000000020000664        0x0 load address 0x000000000800a980
 .igot.plt      0x0000000020000664        0x0 c:/st/stm32cubeide_1.8.0/stm32cubeide/plugins/com.st.stm32cube.ide.mcu.externaltools.gnu-tools-for-stm32.9-2020-q2-update.win32_2.0.0.202105311346/tools/bin/../lib/gcc/arm-none-eabi/9.3.1/thumb/v7e-m+fp/hard/crtbegin.o
                0x0000000020000664                . = ALIGN (0x4)

.bss            0x0000000020000664     0x16f4 load address 0x000000000800a980
                0x0000000020000664                _sbss = .
                0x0000000020000664                __bss_start__ = _sbss
 *(.bss)
 .bss           0x0000000020000664       0x1c c:/st/stm32cubeide_1.8.0/stm32cubeide/plugins/com.st.stm32cube.ide.mcu.externaltools.gnu-tools-for-stm32.9-2020-q2-update.win32_2.0.0.202105311346/tools/bin/../lib/gcc/arm-none-eabi/9.3.1/thumb/v7e-m+fp/hard/crtbegin.o
 *(.bss*)
 .bss.bMCBootCompleted
                0x0000000020000680        0x1 ./Application/User/mc_tasks.o
                0x0000000020000680                bMCBootCompleted
 *fill*         0x0000000020000681        0x1 
 .bss.hBootCapDelayCounterM1
                0x0000000020000682        0x2 ./Application/User/mc_tasks.o
 .bss.hMFTaskCounterM1
                0x0000000020000684        0x2 ./Application/User/mc_tasks.o
 .bss.hStopPermanencyCounterM1
                0x0000000020000686        0x2 ./Application/User/mc_tasks.o
 .bss.nullData16
                0x0000000020000688        0x2 ./Application/User/register_interface.o
 *fill*         0x000000002000068a        0x2 
 .bss.HAL_RCC_ADC12_CLK_ENABLED
                0x000000002000068c        0x4 ./Application/User/stm32g4xx_hal_msp.o
 .bss.GLOBAL_TIMESTAMP
                0x0000000020000690        0x4 ./Middlewares/MotorControl/mcpa.o
                0x0000000020000690                GLOBAL_TIMESTAMP
 *(COMMON)
 COMMON         0x0000000020000694        0xc ./Application/User/dac_ui.o
                0x0000000020000694                DAC_Handle
 COMMON         0x00000000200006a0      0x360 ./Application/User/main.o
                0x00000000200006a0                hopamp2
                0x00000000200006dc                hi2c3
                0x0000000020000728                hadc2
                0x0000000020000794                hopamp1
                0x00000000200007d0                hdma_usart1_tx
                0x0000000020000830                hadc1
                0x000000002000089c                hdma_usart1_rx
                0x00000000200008fc                huart1
                0x000000002000098c                hcordic
                0x00000000200009b4                htim1
 COMMON         0x0000000020000a00       0x34 ./Application/User/mc_config.o
                0x0000000020000a00                Mci
                0x0000000020000a1c                STM
                0x0000000020000a24                HdlSTSPING4
                0x0000000020000a28                RealBusVoltageSensorFilterBufferM1
 COMMON         0x0000000020000a34       0x3c ./Application/User/mc_tasks.o
                0x0000000020000a34                pOCPDisabling
                0x0000000020000a38                pwmcHandle
                0x0000000020000a3c                pR_Brake
                0x0000000020000a40                FOCVars
                0x0000000020000a68                pCLM
                0x0000000020000a6c                pREMNG
 COMMON         0x0000000020000a70     0x128a ./Application/User/mcp_config.o
                0x0000000020000a70                dataPtrTableBuffA
                0x0000000020000a98                MCP_UserCallBack
                0x0000000020000aa0                MCPSyncTxBuff
                0x0000000020000ba8                dataSizeTableBuffA
                0x0000000020000bb4                MCPAsyncBuffUARTA_B
                0x00000000200013bc                MCPSyncRXBuff
                0x00000000200014c0                dataPtrTableA
                0x00000000200014e8                MCPAsyncBuffUARTA_A
                0x0000000020001cf0                dataSizeTableA
 *fill*         0x0000000020001cfa        0x2 
 COMMON         0x0000000020001cfc        0x4 ./Application/User/motorcontrol.o
                0x0000000020001cfc                pMCI
 COMMON         0x0000000020001d00       0x52 ./Application/User/regular_conversion_manager.o
                0x0000000020001d00                RCM_currentHandle
                0x0000000020001d01                RCM_UserConvHandle
                0x0000000020001d04                RCM_NoInj_array
                0x0000000020001d1c                RCM_CB_array
                0x0000000020001d3c                RCM_UserConvState
                0x0000000020001d40                RCM_handle_array
                0x0000000020001d50                RCM_UserConvValue
 *fill*         0x0000000020001d52        0x2 
 COMMON         0x0000000020001d54        0x4 ./Drivers/STM32G4xx_HAL_Driver/stm32g4xx_hal.o
                0x0000000020001d54                uwTick
                0x0000000020001d58                . = ALIGN (0x4)
                0x0000000020001d58                _ebss = .
                0x0000000020001d58                __bss_end__ = _ebss

._user_heap_stack
                0x0000000020001d58      0x600 load address 0x000000000800a980
                0x0000000020001d58                . = ALIGN (0x8)
                [!provide]                        PROVIDE (end = .)
                0x0000000020001d58                PROVIDE (_end = .)
                0x0000000020001f58                . = (. + _Min_Heap_Size)
 *fill*         0x0000000020001d58      0x200 
                0x0000000020002358                . = (. + _Min_Stack_Size)
 *fill*         0x0000000020001f58      0x400 
                0x0000000020002358                . = ALIGN (0x8)

/DISCARD/
 libc.a(*)
 libm.a(*)
 libgcc.a(*)

.ARM.attributes
                0x0000000000000000       0x30
 *(.ARM.attributes)
 .ARM.attributes
                0x0000000000000000       0x1e c:/st/stm32cubeide_1.8.0/stm32cubeide/plugins/com.st.stm32cube.ide.mcu.externaltools.gnu-tools-for-stm32.9-2020-q2-update.win32_2.0.0.202105311346/tools/bin/../lib/gcc/arm-none-eabi/9.3.1/thumb/v7e-m+fp/hard/crti.o
 .ARM.attributes
                0x000000000000001e       0x34 c:/st/stm32cubeide_1.8.0/stm32cubeide/plugins/com.st.stm32cube.ide.mcu.externaltools.gnu-tools-for-stm32.9-2020-q2-update.win32_2.0.0.202105311346/tools/bin/../lib/gcc/arm-none-eabi/9.3.1/thumb/v7e-m+fp/hard/crtbegin.o
 .ARM.attributes
                0x0000000000000052       0x21 ./Application/Startup/startup_stm32g431vbtx.o
 .ARM.attributes
                0x0000000000000073       0x30 ./Application/User/aspep.o
 .ARM.attributes
                0x00000000000000a3       0x30 ./Application/User/dac_ui.o
 .ARM.attributes
                0x00000000000000d3       0x30 ./Application/User/main.o
 .ARM.attributes
                0x0000000000000103       0x30 ./Application/User/mc_api.o
 .ARM.attributes
                0x0000000000000133       0x35 ./Application/User/mc_config.o
 .ARM.attributes
                0x0000000000000168       0x35 ./Application/User/mc_configuration_registers.o
 .ARM.attributes
                0x000000000000019d       0x30 ./Application/User/mc_interface.o
 .ARM.attributes
                0x00000000000001cd       0x30 ./Application/User/mc_math.o
 .ARM.attributes
                0x00000000000001fd       0x35 ./Application/User/mc_parameters.o
 .ARM.attributes
                0x0000000000000232       0x30 ./Application/User/mc_tasks.o
 .ARM.attributes
                0x0000000000000262       0x35 ./Application/User/mcp_config.o
 .ARM.attributes
                0x0000000000000297       0x30 ./Application/User/motorcontrol.o
 .ARM.attributes
                0x00000000000002c7       0x30 ./Application/User/pwm_curr_fdbk.o
 .ARM.attributes
                0x00000000000002f7       0x30 ./Application/User/register_interface.o
 .ARM.attributes
                0x0000000000000327       0x30 ./Application/User/regular_conversion_manager.o
 .ARM.attributes
                0x0000000000000357       0x30 ./Application/User/stm32g4xx_hal_msp.o
 .ARM.attributes
                0x0000000000000387       0x30 ./Application/User/stm32g4xx_mc_it.o
 .ARM.attributes
                0x00000000000003b7       0x30 ./Application/User/usart_aspep_driver.o
 .ARM.attributes
                0x00000000000003e7       0x30 ./Drivers/CMSIS/system_stm32g4xx.o
 .ARM.attributes
                0x0000000000000417       0x30 ./Drivers/STM32G4xx_HAL_Driver/stm32g4xx_hal.o
 .ARM.attributes
                0x0000000000000447       0x30 ./Drivers/STM32G4xx_HAL_Driver/stm32g4xx_hal_adc.o
 .ARM.attributes
                0x0000000000000477       0x30 ./Drivers/STM32G4xx_HAL_Driver/stm32g4xx_hal_adc_ex.o
 .ARM.attributes
                0x00000000000004a7       0x30 ./Drivers/STM32G4xx_HAL_Driver/stm32g4xx_hal_cordic.o
 .ARM.attributes
                0x00000000000004d7       0x30 ./Drivers/STM32G4xx_HAL_Driver/stm32g4xx_hal_cortex.o
 .ARM.attributes
                0x0000000000000507       0x30 ./Drivers/STM32G4xx_HAL_Driver/stm32g4xx_hal_dma.o
 .ARM.attributes
                0x0000000000000537       0x30 ./Drivers/STM32G4xx_HAL_Driver/stm32g4xx_hal_gpio.o
 .ARM.attributes
                0x0000000000000567       0x30 ./Drivers/STM32G4xx_HAL_Driver/stm32g4xx_hal_i2c.o
 .ARM.attributes
                0x0000000000000597       0x30 ./Drivers/STM32G4xx_HAL_Driver/stm32g4xx_hal_i2c_ex.o
 .ARM.attributes
                0x00000000000005c7       0x30 ./Drivers/STM32G4xx_HAL_Driver/stm32g4xx_hal_opamp.o
 .ARM.attributes
                0x00000000000005f7       0x30 ./Drivers/STM32G4xx_HAL_Driver/stm32g4xx_hal_pwr_ex.o
 .ARM.attributes
                0x0000000000000627       0x30 ./Drivers/STM32G4xx_HAL_Driver/stm32g4xx_hal_rcc.o
 .ARM.attributes
                0x0000000000000657       0x30 ./Drivers/STM32G4xx_HAL_Driver/stm32g4xx_hal_rcc_ex.o
 .ARM.attributes
                0x0000000000000687       0x30 ./Drivers/STM32G4xx_HAL_Driver/stm32g4xx_hal_tim.o
 .ARM.attributes
                0x00000000000006b7       0x30 ./Drivers/STM32G4xx_HAL_Driver/stm32g4xx_hal_tim_ex.o
 .ARM.attributes
                0x00000000000006e7       0x30 ./Drivers/STM32G4xx_HAL_Driver/stm32g4xx_hal_uart.o
 .ARM.attributes
                0x0000000000000717       0x30 ./Drivers/STM32G4xx_HAL_Driver/stm32g4xx_hal_uart_ex.o
 .ARM.attributes
                0x0000000000000747       0x30 ./Middlewares/MotorControl/bus_voltage_sensor.o
 .ARM.attributes
                0x0000000000000777       0x30 ./Middlewares/MotorControl/circle_limitation.o
 .ARM.attributes
                0x00000000000007a7       0x30 ./Middlewares/MotorControl/mcp.o
 .ARM.attributes
                0x00000000000007d7       0x30 ./Middlewares/MotorControl/mcpa.o
 .ARM.attributes
                0x0000000000000807       0x30 ./Middlewares/MotorControl/motor_power_measurement.o
 .ARM.attributes
                0x0000000000000837       0x30 ./Middlewares/MotorControl/ntc_temperature_sensor.o
 .ARM.attributes
                0x0000000000000867       0x30 ./Middlewares/MotorControl/pid_regulator.o
 .ARM.attributes